Performing C SOURCE FILE Test CMAKE_HAVE_LIBC_PTHREAD failed with the following output:
Change Dir: /mnt/nfs-working/dvcf/prefetch-cache-initiator/initiator-cpp/build/CMakeFiles/CMakeTmp

Run Build Command(s):/usr/bin/make -f Makefile cmTC_b82d5/fast && /usr/bin/make  -f CMakeFiles/cmTC_b82d5.dir/build.make CMakeFiles/cmTC_b82d5.dir/build
make[1]: Entering directory '/mnt/nfs-working/dvcf/prefetch-cache-initiator/initiator-cpp/build/CMakeFiles/CMakeTmp'
Building C object CMakeFiles/cmTC_b82d5.dir/src.c.o
/usr/bin/cc -DCMAKE_HAVE_LIBC_PTHREAD   -o CMakeFiles/cmTC_b82d5.dir/src.c.o -c /mnt/nfs-working/dvcf/prefetch-cache-initiator/initiator-cpp/build/CMakeFiles/CMakeTmp/src.c
Linking C executable cmTC_b82d5
/home/daegyu/.local/bin/cmake -E cmake_link_script CMakeFiles/cmTC_b82d5.dir/link.txt --verbose=1
/usr/bin/cc CMakeFiles/cmTC_b82d5.dir/src.c.o -o cmTC_b82d5 
CMakeFiles/cmTC_b82d5.dir/src.c.o: In function `main':
src.c:(.text+0x3e): undefined reference to `pthread_create'
src.c:(.text+0x4a): undefined reference to `pthread_detach'
src.c:(.text+0x56): undefined reference to `pthread_cancel'
src.c:(.text+0x67): undefined reference to `pthread_join'
src.c:(.text+0x7b): undefined reference to `pthread_atfork'
collect2: error: ld returned 1 exit status
CMakeFiles/cmTC_b82d5.dir/build.make:98: recipe for target 'cmTC_b82d5' failed
make[1]: *** [cmTC_b82d5] Error 1
make[1]: Leaving directory '/mnt/nfs-working/dvcf/prefetch-cache-initiator/initiator-cpp/build/CMakeFiles/CMakeTmp'
Makefile:127: recipe for target 'cmTC_b82d5/fast' failed
make: *** [cmTC_b82d5/fast] Error 2


Source file was:
#include <pthread.h>

static void* test_func(void* data)
{
  return data;
}

int main(void)
{
  pthread_t thread;
  pthread_create(&thread, NULL, test_func, NULL);
  pthread_detach(thread);
  pthread_cancel(thread);
  pthread_join(thread, NULL);
  pthread_atfork(NULL, NULL, NULL);
  pthread_exit(NULL);

  return 0;
}

Determining if the function pthread_create exists in the pthreads failed with the following output:
Change Dir: /mnt/nfs-working/dvcf/prefetch-cache-initiator/initiator-cpp/build/CMakeFiles/CMakeTmp

Run Build Command(s):/usr/bin/make -f Makefile cmTC_4dd98/fast && /usr/bin/make  -f CMakeFiles/cmTC_4dd98.dir/build.make CMakeFiles/cmTC_4dd98.dir/build
make[1]: Entering directory '/mnt/nfs-working/dvcf/prefetch-cache-initiator/initiator-cpp/build/CMakeFiles/CMakeTmp'
Building C object CMakeFiles/cmTC_4dd98.dir/CheckFunctionExists.c.o
/usr/bin/cc   -DCHECK_FUNCTION_EXISTS=pthread_create -o CMakeFiles/cmTC_4dd98.dir/CheckFunctionExists.c.o -c /home/daegyu/.local/share/cmake-3.20/Modules/CheckFunctionExists.c
Linking C executable cmTC_4dd98
/home/daegyu/.local/bin/cmake -E cmake_link_script CMakeFiles/cmTC_4dd98.dir/link.txt --verbose=1
/usr/bin/cc  -DCHECK_FUNCTION_EXISTS=pthread_create CMakeFiles/cmTC_4dd98.dir/CheckFunctionExists.c.o -o cmTC_4dd98  -lpthreads 
/usr/bin/ld: cannot find -lpthreads
collect2: error: ld returned 1 exit status
CMakeFiles/cmTC_4dd98.dir/build.make:98: recipe for target 'cmTC_4dd98' failed
make[1]: *** [cmTC_4dd98] Error 1
make[1]: Leaving directory '/mnt/nfs-working/dvcf/prefetch-cache-initiator/initiator-cpp/build/CMakeFiles/CMakeTmp'
Makefile:127: recipe for target 'cmTC_4dd98/fast' failed
make: *** [cmTC_4dd98/fast] Error 2



Performing C SOURCE FILE Test CMAKE_HAVE_LIBC_PTHREAD failed with the following output:
Change Dir: /mnt/nfs-working/dvcf/prefetch-cache-initiator/initiator-cpp/build/CMakeFiles/CMakeTmp

Run Build Command(s):/usr/bin/make -f Makefile cmTC_d892d/fast && /usr/bin/make  -f CMakeFiles/cmTC_d892d.dir/build.make CMakeFiles/cmTC_d892d.dir/build
make[1]: Entering directory '/mnt/nfs-working/dvcf/prefetch-cache-initiator/initiator-cpp/build/CMakeFiles/CMakeTmp'
Building C object CMakeFiles/cmTC_d892d.dir/src.c.o
/usr/bin/cc -DCMAKE_HAVE_LIBC_PTHREAD   -o CMakeFiles/cmTC_d892d.dir/src.c.o -c /mnt/nfs-working/dvcf/prefetch-cache-initiator/initiator-cpp/build/CMakeFiles/CMakeTmp/src.c
Linking C executable cmTC_d892d
/home/daegyu/.local/bin/cmake -E cmake_link_script CMakeFiles/cmTC_d892d.dir/link.txt --verbose=1
/usr/bin/cc CMakeFiles/cmTC_d892d.dir/src.c.o -o cmTC_d892d 
CMakeFiles/cmTC_d892d.dir/src.c.o: In function `main':
src.c:(.text+0x3e): undefined reference to `pthread_create'
src.c:(.text+0x4a): undefined reference to `pthread_detach'
src.c:(.text+0x56): undefined reference to `pthread_cancel'
src.c:(.text+0x67): undefined reference to `pthread_join'
src.c:(.text+0x7b): undefined reference to `pthread_atfork'
collect2: error: ld returned 1 exit status
CMakeFiles/cmTC_d892d.dir/build.make:98: recipe for target 'cmTC_d892d' failed
make[1]: *** [cmTC_d892d] Error 1
make[1]: Leaving directory '/mnt/nfs-working/dvcf/prefetch-cache-initiator/initiator-cpp/build/CMakeFiles/CMakeTmp'
Makefile:127: recipe for target 'cmTC_d892d/fast' failed
make: *** [cmTC_d892d/fast] Error 2


Source file was:
#include <pthread.h>

static void* test_func(void* data)
{
  return data;
}

int main(void)
{
  pthread_t thread;
  pthread_create(&thread, NULL, test_func, NULL);
  pthread_detach(thread);
  pthread_cancel(thread);
  pthread_join(thread, NULL);
  pthread_atfork(NULL, NULL, NULL);
  pthread_exit(NULL);

  return 0;
}

Determining if the function pthread_create exists in the pthreads failed with the following output:
Change Dir: /mnt/nfs-working/dvcf/prefetch-cache-initiator/initiator-cpp/build/CMakeFiles/CMakeTmp

Run Build Command(s):/usr/bin/make -f Makefile cmTC_8e1cf/fast && /usr/bin/make  -f CMakeFiles/cmTC_8e1cf.dir/build.make CMakeFiles/cmTC_8e1cf.dir/build
make[1]: Entering directory '/mnt/nfs-working/dvcf/prefetch-cache-initiator/initiator-cpp/build/CMakeFiles/CMakeTmp'
Building C object CMakeFiles/cmTC_8e1cf.dir/CheckFunctionExists.c.o
/usr/bin/cc   -DCHECK_FUNCTION_EXISTS=pthread_create -o CMakeFiles/cmTC_8e1cf.dir/CheckFunctionExists.c.o -c /home/daegyu/.local/share/cmake-3.20/Modules/CheckFunctionExists.c
Linking C executable cmTC_8e1cf
/home/daegyu/.local/bin/cmake -E cmake_link_script CMakeFiles/cmTC_8e1cf.dir/link.txt --verbose=1
/usr/bin/cc  -DCHECK_FUNCTION_EXISTS=pthread_create CMakeFiles/cmTC_8e1cf.dir/CheckFunctionExists.c.o -o cmTC_8e1cf  -lpthreads 
/usr/bin/ld: cannot find -lpthreads
collect2: error: ld returned 1 exit status
CMakeFiles/cmTC_8e1cf.dir/build.make:98: recipe for target 'cmTC_8e1cf' failed
make[1]: *** [cmTC_8e1cf] Error 1
make[1]: Leaving directory '/mnt/nfs-working/dvcf/prefetch-cache-initiator/initiator-cpp/build/CMakeFiles/CMakeTmp'
Makefile:127: recipe for target 'cmTC_8e1cf/fast' failed
make: *** [cmTC_8e1cf/fast] Error 2



Performing C SOURCE FILE Test CMAKE_HAVE_LIBC_PTHREAD failed with the following output:
Change Dir: /mnt/nfs-working/dvcf/prefetch-cache-initiator/initiator-cpp/build/CMakeFiles/CMakeTmp

Run Build Command(s):/usr/bin/make -f Makefile cmTC_951b4/fast && /usr/bin/make  -f CMakeFiles/cmTC_951b4.dir/build.make CMakeFiles/cmTC_951b4.dir/build
make[1]: Entering directory '/mnt/nfs-working/dvcf/prefetch-cache-initiator/initiator-cpp/build/CMakeFiles/CMakeTmp'
Building C object CMakeFiles/cmTC_951b4.dir/src.c.o
/usr/bin/cc -DCMAKE_HAVE_LIBC_PTHREAD   -o CMakeFiles/cmTC_951b4.dir/src.c.o -c /mnt/nfs-working/dvcf/prefetch-cache-initiator/initiator-cpp/build/CMakeFiles/CMakeTmp/src.c
Linking C executable cmTC_951b4
/home/daegyu/.local/bin/cmake -E cmake_link_script CMakeFiles/cmTC_951b4.dir/link.txt --verbose=1
/usr/bin/cc CMakeFiles/cmTC_951b4.dir/src.c.o -o cmTC_951b4 
CMakeFiles/cmTC_951b4.dir/src.c.o: In function `main':
src.c:(.text+0x3e): undefined reference to `pthread_create'
src.c:(.text+0x4a): undefined reference to `pthread_detach'
src.c:(.text+0x56): undefined reference to `pthread_cancel'
src.c:(.text+0x67): undefined reference to `pthread_join'
src.c:(.text+0x7b): undefined reference to `pthread_atfork'
collect2: error: ld returned 1 exit status
CMakeFiles/cmTC_951b4.dir/build.make:98: recipe for target 'cmTC_951b4' failed
make[1]: *** [cmTC_951b4] Error 1
make[1]: Leaving directory '/mnt/nfs-working/dvcf/prefetch-cache-initiator/initiator-cpp/build/CMakeFiles/CMakeTmp'
Makefile:127: recipe for target 'cmTC_951b4/fast' failed
make: *** [cmTC_951b4/fast] Error 2


Source file was:
#include <pthread.h>

static void* test_func(void* data)
{
  return data;
}

int main(void)
{
  pthread_t thread;
  pthread_create(&thread, NULL, test_func, NULL);
  pthread_detach(thread);
  pthread_cancel(thread);
  pthread_join(thread, NULL);
  pthread_atfork(NULL, NULL, NULL);
  pthread_exit(NULL);

  return 0;
}

Determining if the function pthread_create exists in the pthreads failed with the following output:
Change Dir: /mnt/nfs-working/dvcf/prefetch-cache-initiator/initiator-cpp/build/CMakeFiles/CMakeTmp

Run Build Command(s):/usr/bin/make -f Makefile cmTC_266c8/fast && /usr/bin/make  -f CMakeFiles/cmTC_266c8.dir/build.make CMakeFiles/cmTC_266c8.dir/build
make[1]: Entering directory '/mnt/nfs-working/dvcf/prefetch-cache-initiator/initiator-cpp/build/CMakeFiles/CMakeTmp'
Building C object CMakeFiles/cmTC_266c8.dir/CheckFunctionExists.c.o
/usr/bin/cc   -DCHECK_FUNCTION_EXISTS=pthread_create -o CMakeFiles/cmTC_266c8.dir/CheckFunctionExists.c.o -c /home/daegyu/.local/share/cmake-3.20/Modules/CheckFunctionExists.c
Linking C executable cmTC_266c8
/home/daegyu/.local/bin/cmake -E cmake_link_script CMakeFiles/cmTC_266c8.dir/link.txt --verbose=1
/usr/bin/cc  -DCHECK_FUNCTION_EXISTS=pthread_create CMakeFiles/cmTC_266c8.dir/CheckFunctionExists.c.o -o cmTC_266c8  -lpthreads 
/usr/bin/ld: cannot find -lpthreads
collect2: error: ld returned 1 exit status
CMakeFiles/cmTC_266c8.dir/build.make:98: recipe for target 'cmTC_266c8' failed
make[1]: *** [cmTC_266c8] Error 1
make[1]: Leaving directory '/mnt/nfs-working/dvcf/prefetch-cache-initiator/initiator-cpp/build/CMakeFiles/CMakeTmp'
Makefile:127: recipe for target 'cmTC_266c8/fast' failed
make: *** [cmTC_266c8/fast] Error 2



Performing C SOURCE FILE Test CMAKE_HAVE_LIBC_PTHREAD failed with the following output:
Change Dir: /mnt/nfs-working/dvcf/prefetch-cache-initiator/initiator-cpp/build/CMakeFiles/CMakeTmp

Run Build Command(s):/usr/bin/make -f Makefile cmTC_0928d/fast && /usr/bin/make  -f CMakeFiles/cmTC_0928d.dir/build.make CMakeFiles/cmTC_0928d.dir/build
make[1]: Entering directory '/mnt/nfs-working/dvcf/prefetch-cache-initiator/initiator-cpp/build/CMakeFiles/CMakeTmp'
Building C object CMakeFiles/cmTC_0928d.dir/src.c.o
/usr/bin/cc -DCMAKE_HAVE_LIBC_PTHREAD   -o CMakeFiles/cmTC_0928d.dir/src.c.o -c /mnt/nfs-working/dvcf/prefetch-cache-initiator/initiator-cpp/build/CMakeFiles/CMakeTmp/src.c
Linking C executable cmTC_0928d
/home/daegyu/.local/bin/cmake -E cmake_link_script CMakeFiles/cmTC_0928d.dir/link.txt --verbose=1
/usr/bin/cc CMakeFiles/cmTC_0928d.dir/src.c.o -o cmTC_0928d 
CMakeFiles/cmTC_0928d.dir/src.c.o: In function `main':
src.c:(.text+0x3e): undefined reference to `pthread_create'
src.c:(.text+0x4a): undefined reference to `pthread_detach'
src.c:(.text+0x56): undefined reference to `pthread_cancel'
src.c:(.text+0x67): undefined reference to `pthread_join'
src.c:(.text+0x7b): undefined reference to `pthread_atfork'
collect2: error: ld returned 1 exit status
CMakeFiles/cmTC_0928d.dir/build.make:98: recipe for target 'cmTC_0928d' failed
make[1]: *** [cmTC_0928d] Error 1
make[1]: Leaving directory '/mnt/nfs-working/dvcf/prefetch-cache-initiator/initiator-cpp/build/CMakeFiles/CMakeTmp'
Makefile:127: recipe for target 'cmTC_0928d/fast' failed
make: *** [cmTC_0928d/fast] Error 2


Source file was:
#include <pthread.h>

static void* test_func(void* data)
{
  return data;
}

int main(void)
{
  pthread_t thread;
  pthread_create(&thread, NULL, test_func, NULL);
  pthread_detach(thread);
  pthread_cancel(thread);
  pthread_join(thread, NULL);
  pthread_atfork(NULL, NULL, NULL);
  pthread_exit(NULL);

  return 0;
}

Determining if the function pthread_create exists in the pthreads failed with the following output:
Change Dir: /mnt/nfs-working/dvcf/prefetch-cache-initiator/initiator-cpp/build/CMakeFiles/CMakeTmp

Run Build Command(s):/usr/bin/make -f Makefile cmTC_43b01/fast && /usr/bin/make  -f CMakeFiles/cmTC_43b01.dir/build.make CMakeFiles/cmTC_43b01.dir/build
make[1]: Entering directory '/mnt/nfs-working/dvcf/prefetch-cache-initiator/initiator-cpp/build/CMakeFiles/CMakeTmp'
Building C object CMakeFiles/cmTC_43b01.dir/CheckFunctionExists.c.o
/usr/bin/cc   -DCHECK_FUNCTION_EXISTS=pthread_create -o CMakeFiles/cmTC_43b01.dir/CheckFunctionExists.c.o -c /home/daegyu/.local/share/cmake-3.20/Modules/CheckFunctionExists.c
Linking C executable cmTC_43b01
/home/daegyu/.local/bin/cmake -E cmake_link_script CMakeFiles/cmTC_43b01.dir/link.txt --verbose=1
/usr/bin/cc  -DCHECK_FUNCTION_EXISTS=pthread_create CMakeFiles/cmTC_43b01.dir/CheckFunctionExists.c.o -o cmTC_43b01  -lpthreads 
/usr/bin/ld: cannot find -lpthreads
collect2: error: ld returned 1 exit status
CMakeFiles/cmTC_43b01.dir/build.make:98: recipe for target 'cmTC_43b01' failed
make[1]: *** [cmTC_43b01] Error 1
make[1]: Leaving directory '/mnt/nfs-working/dvcf/prefetch-cache-initiator/initiator-cpp/build/CMakeFiles/CMakeTmp'
Makefile:127: recipe for target 'cmTC_43b01/fast' failed
make: *** [cmTC_43b01/fast] Error 2



Performing C SOURCE FILE Test CMAKE_HAVE_LIBC_PTHREAD failed with the following output:
Change Dir: /mnt/nfs-working/dvcf/prefetch-cache-initiator/initiator-cpp/build/CMakeFiles/CMakeTmp

Run Build Command(s):/usr/bin/make -f Makefile cmTC_ceb86/fast && /usr/bin/make  -f CMakeFiles/cmTC_ceb86.dir/build.make CMakeFiles/cmTC_ceb86.dir/build
make[1]: Entering directory '/mnt/nfs-working/dvcf/prefetch-cache-initiator/initiator-cpp/build/CMakeFiles/CMakeTmp'
Building C object CMakeFiles/cmTC_ceb86.dir/src.c.o
/usr/bin/cc -DCMAKE_HAVE_LIBC_PTHREAD   -o CMakeFiles/cmTC_ceb86.dir/src.c.o -c /mnt/nfs-working/dvcf/prefetch-cache-initiator/initiator-cpp/build/CMakeFiles/CMakeTmp/src.c
Linking C executable cmTC_ceb86
/home/daegyu/.local/bin/cmake -E cmake_link_script CMakeFiles/cmTC_ceb86.dir/link.txt --verbose=1
/usr/bin/cc CMakeFiles/cmTC_ceb86.dir/src.c.o -o cmTC_ceb86 
CMakeFiles/cmTC_ceb86.dir/src.c.o: In function `main':
src.c:(.text+0x3e): undefined reference to `pthread_create'
src.c:(.text+0x4a): undefined reference to `pthread_detach'
src.c:(.text+0x56): undefined reference to `pthread_cancel'
src.c:(.text+0x67): undefined reference to `pthread_join'
src.c:(.text+0x7b): undefined reference to `pthread_atfork'
collect2: error: ld returned 1 exit status
CMakeFiles/cmTC_ceb86.dir/build.make:98: recipe for target 'cmTC_ceb86' failed
make[1]: *** [cmTC_ceb86] Error 1
make[1]: Leaving directory '/mnt/nfs-working/dvcf/prefetch-cache-initiator/initiator-cpp/build/CMakeFiles/CMakeTmp'
Makefile:127: recipe for target 'cmTC_ceb86/fast' failed
make: *** [cmTC_ceb86/fast] Error 2


Source file was:
#include <pthread.h>

static void* test_func(void* data)
{
  return data;
}

int main(void)
{
  pthread_t thread;
  pthread_create(&thread, NULL, test_func, NULL);
  pthread_detach(thread);
  pthread_cancel(thread);
  pthread_join(thread, NULL);
  pthread_atfork(NULL, NULL, NULL);
  pthread_exit(NULL);

  return 0;
}

Determining if the function pthread_create exists in the pthreads failed with the following output:
Change Dir: /mnt/nfs-working/dvcf/prefetch-cache-initiator/initiator-cpp/build/CMakeFiles/CMakeTmp

Run Build Command(s):/usr/bin/make -f Makefile cmTC_98c08/fast && /usr/bin/make  -f CMakeFiles/cmTC_98c08.dir/build.make CMakeFiles/cmTC_98c08.dir/build
make[1]: Entering directory '/mnt/nfs-working/dvcf/prefetch-cache-initiator/initiator-cpp/build/CMakeFiles/CMakeTmp'
Building C object CMakeFiles/cmTC_98c08.dir/CheckFunctionExists.c.o
/usr/bin/cc   -DCHECK_FUNCTION_EXISTS=pthread_create -o CMakeFiles/cmTC_98c08.dir/CheckFunctionExists.c.o -c /home/daegyu/.local/share/cmake-3.20/Modules/CheckFunctionExists.c
Linking C executable cmTC_98c08
/home/daegyu/.local/bin/cmake -E cmake_link_script CMakeFiles/cmTC_98c08.dir/link.txt --verbose=1
/usr/bin/cc  -DCHECK_FUNCTION_EXISTS=pthread_create CMakeFiles/cmTC_98c08.dir/CheckFunctionExists.c.o -o cmTC_98c08  -lpthreads 
/usr/bin/ld: cannot find -lpthreads
collect2: error: ld returned 1 exit status
CMakeFiles/cmTC_98c08.dir/build.make:98: recipe for target 'cmTC_98c08' failed
make[1]: *** [cmTC_98c08] Error 1
make[1]: Leaving directory '/mnt/nfs-working/dvcf/prefetch-cache-initiator/initiator-cpp/build/CMakeFiles/CMakeTmp'
Makefile:127: recipe for target 'cmTC_98c08/fast' failed
make: *** [cmTC_98c08/fast] Error 2



Performing C SOURCE FILE Test CMAKE_HAVE_LIBC_PTHREAD failed with the following output:
Change Dir: /mnt/nfs-working/dvcf/prefetch-cache-initiator/initiator-cpp/build/CMakeFiles/CMakeTmp

Run Build Command(s):/usr/bin/make -f Makefile cmTC_ef3b9/fast && /usr/bin/make  -f CMakeFiles/cmTC_ef3b9.dir/build.make CMakeFiles/cmTC_ef3b9.dir/build
make[1]: Entering directory '/mnt/nfs-working/dvcf/prefetch-cache-initiator/initiator-cpp/build/CMakeFiles/CMakeTmp'
Building C object CMakeFiles/cmTC_ef3b9.dir/src.c.o
/usr/bin/cc -DCMAKE_HAVE_LIBC_PTHREAD   -o CMakeFiles/cmTC_ef3b9.dir/src.c.o -c /mnt/nfs-working/dvcf/prefetch-cache-initiator/initiator-cpp/build/CMakeFiles/CMakeTmp/src.c
Linking C executable cmTC_ef3b9
/home/daegyu/.local/bin/cmake -E cmake_link_script CMakeFiles/cmTC_ef3b9.dir/link.txt --verbose=1
/usr/bin/cc CMakeFiles/cmTC_ef3b9.dir/src.c.o -o cmTC_ef3b9 
CMakeFiles/cmTC_ef3b9.dir/src.c.o: In function `main':
src.c:(.text+0x3e): undefined reference to `pthread_create'
src.c:(.text+0x4a): undefined reference to `pthread_detach'
src.c:(.text+0x56): undefined reference to `pthread_cancel'
src.c:(.text+0x67): undefined reference to `pthread_join'
src.c:(.text+0x7b): undefined reference to `pthread_atfork'
collect2: error: ld returned 1 exit status
CMakeFiles/cmTC_ef3b9.dir/build.make:98: recipe for target 'cmTC_ef3b9' failed
make[1]: *** [cmTC_ef3b9] Error 1
make[1]: Leaving directory '/mnt/nfs-working/dvcf/prefetch-cache-initiator/initiator-cpp/build/CMakeFiles/CMakeTmp'
Makefile:127: recipe for target 'cmTC_ef3b9/fast' failed
make: *** [cmTC_ef3b9/fast] Error 2


Source file was:
#include <pthread.h>

static void* test_func(void* data)
{
  return data;
}

int main(void)
{
  pthread_t thread;
  pthread_create(&thread, NULL, test_func, NULL);
  pthread_detach(thread);
  pthread_cancel(thread);
  pthread_join(thread, NULL);
  pthread_atfork(NULL, NULL, NULL);
  pthread_exit(NULL);

  return 0;
}

Determining if the function pthread_create exists in the pthreads failed with the following output:
Change Dir: /mnt/nfs-working/dvcf/prefetch-cache-initiator/initiator-cpp/build/CMakeFiles/CMakeTmp

Run Build Command(s):/usr/bin/make -f Makefile cmTC_0f84a/fast && /usr/bin/make  -f CMakeFiles/cmTC_0f84a.dir/build.make CMakeFiles/cmTC_0f84a.dir/build
make[1]: Entering directory '/mnt/nfs-working/dvcf/prefetch-cache-initiator/initiator-cpp/build/CMakeFiles/CMakeTmp'
Building C object CMakeFiles/cmTC_0f84a.dir/CheckFunctionExists.c.o
/usr/bin/cc   -DCHECK_FUNCTION_EXISTS=pthread_create -o CMakeFiles/cmTC_0f84a.dir/CheckFunctionExists.c.o -c /home/daegyu/.local/share/cmake-3.20/Modules/CheckFunctionExists.c
Linking C executable cmTC_0f84a
/home/daegyu/.local/bin/cmake -E cmake_link_script CMakeFiles/cmTC_0f84a.dir/link.txt --verbose=1
/usr/bin/cc  -DCHECK_FUNCTION_EXISTS=pthread_create CMakeFiles/cmTC_0f84a.dir/CheckFunctionExists.c.o -o cmTC_0f84a  -lpthreads 
/usr/bin/ld: cannot find -lpthreads
collect2: error: ld returned 1 exit status
CMakeFiles/cmTC_0f84a.dir/build.make:98: recipe for target 'cmTC_0f84a' failed
make[1]: *** [cmTC_0f84a] Error 1
make[1]: Leaving directory '/mnt/nfs-working/dvcf/prefetch-cache-initiator/initiator-cpp/build/CMakeFiles/CMakeTmp'
Makefile:127: recipe for target 'cmTC_0f84a/fast' failed
make: *** [cmTC_0f84a/fast] Error 2



Performing C SOURCE FILE Test CMAKE_HAVE_LIBC_PTHREAD failed with the following output:
Change Dir: /mnt/nfs-working/dvcf/prefetch-cache-initiator/initiator-cpp/build/CMakeFiles/CMakeTmp

Run Build Command(s):/usr/bin/make -f Makefile cmTC_191a0/fast && /usr/bin/make  -f CMakeFiles/cmTC_191a0.dir/build.make CMakeFiles/cmTC_191a0.dir/build
make[1]: Entering directory '/mnt/nfs-working/dvcf/prefetch-cache-initiator/initiator-cpp/build/CMakeFiles/CMakeTmp'
Building C object CMakeFiles/cmTC_191a0.dir/src.c.o
/usr/bin/cc -DCMAKE_HAVE_LIBC_PTHREAD   -o CMakeFiles/cmTC_191a0.dir/src.c.o -c /mnt/nfs-working/dvcf/prefetch-cache-initiator/initiator-cpp/build/CMakeFiles/CMakeTmp/src.c
Linking C executable cmTC_191a0
/home/daegyu/.local/bin/cmake -E cmake_link_script CMakeFiles/cmTC_191a0.dir/link.txt --verbose=1
/usr/bin/cc CMakeFiles/cmTC_191a0.dir/src.c.o -o cmTC_191a0 
CMakeFiles/cmTC_191a0.dir/src.c.o: In function `main':
src.c:(.text+0x3e): undefined reference to `pthread_create'
src.c:(.text+0x4a): undefined reference to `pthread_detach'
src.c:(.text+0x56): undefined reference to `pthread_cancel'
src.c:(.text+0x67): undefined reference to `pthread_join'
src.c:(.text+0x7b): undefined reference to `pthread_atfork'
collect2: error: ld returned 1 exit status
CMakeFiles/cmTC_191a0.dir/build.make:98: recipe for target 'cmTC_191a0' failed
make[1]: *** [cmTC_191a0] Error 1
make[1]: Leaving directory '/mnt/nfs-working/dvcf/prefetch-cache-initiator/initiator-cpp/build/CMakeFiles/CMakeTmp'
Makefile:127: recipe for target 'cmTC_191a0/fast' failed
make: *** [cmTC_191a0/fast] Error 2


Source file was:
#include <pthread.h>

static void* test_func(void* data)
{
  return data;
}

int main(void)
{
  pthread_t thread;
  pthread_create(&thread, NULL, test_func, NULL);
  pthread_detach(thread);
  pthread_cancel(thread);
  pthread_join(thread, NULL);
  pthread_atfork(NULL, NULL, NULL);
  pthread_exit(NULL);

  return 0;
}

Determining if the function pthread_create exists in the pthreads failed with the following output:
Change Dir: /mnt/nfs-working/dvcf/prefetch-cache-initiator/initiator-cpp/build/CMakeFiles/CMakeTmp

Run Build Command(s):/usr/bin/make -f Makefile cmTC_38e67/fast && /usr/bin/make  -f CMakeFiles/cmTC_38e67.dir/build.make CMakeFiles/cmTC_38e67.dir/build
make[1]: Entering directory '/mnt/nfs-working/dvcf/prefetch-cache-initiator/initiator-cpp/build/CMakeFiles/CMakeTmp'
Building C object CMakeFiles/cmTC_38e67.dir/CheckFunctionExists.c.o
/usr/bin/cc   -DCHECK_FUNCTION_EXISTS=pthread_create -o CMakeFiles/cmTC_38e67.dir/CheckFunctionExists.c.o -c /home/daegyu/.local/share/cmake-3.20/Modules/CheckFunctionExists.c
Linking C executable cmTC_38e67
/home/daegyu/.local/bin/cmake -E cmake_link_script CMakeFiles/cmTC_38e67.dir/link.txt --verbose=1
/usr/bin/cc  -DCHECK_FUNCTION_EXISTS=pthread_create CMakeFiles/cmTC_38e67.dir/CheckFunctionExists.c.o -o cmTC_38e67  -lpthreads 
/usr/bin/ld: cannot find -lpthreads
collect2: error: ld returned 1 exit status
CMakeFiles/cmTC_38e67.dir/build.make:98: recipe for target 'cmTC_38e67' failed
make[1]: *** [cmTC_38e67] Error 1
make[1]: Leaving directory '/mnt/nfs-working/dvcf/prefetch-cache-initiator/initiator-cpp/build/CMakeFiles/CMakeTmp'
Makefile:127: recipe for target 'cmTC_38e67/fast' failed
make: *** [cmTC_38e67/fast] Error 2



Performing C SOURCE FILE Test CMAKE_HAVE_LIBC_PTHREAD failed with the following output:
Change Dir: /mnt/nfs-working/dvcf/prefetch-cache-initiator/initiator-cpp/build/CMakeFiles/CMakeTmp

Run Build Command(s):/usr/bin/make -f Makefile cmTC_0cce4/fast && /usr/bin/make  -f CMakeFiles/cmTC_0cce4.dir/build.make CMakeFiles/cmTC_0cce4.dir/build
make[1]: Entering directory '/mnt/nfs-working/dvcf/prefetch-cache-initiator/initiator-cpp/build/CMakeFiles/CMakeTmp'
Building C object CMakeFiles/cmTC_0cce4.dir/src.c.o
/usr/bin/cc -DCMAKE_HAVE_LIBC_PTHREAD   -o CMakeFiles/cmTC_0cce4.dir/src.c.o -c /mnt/nfs-working/dvcf/prefetch-cache-initiator/initiator-cpp/build/CMakeFiles/CMakeTmp/src.c
Linking C executable cmTC_0cce4
/home/daegyu/.local/bin/cmake -E cmake_link_script CMakeFiles/cmTC_0cce4.dir/link.txt --verbose=1
/usr/bin/cc CMakeFiles/cmTC_0cce4.dir/src.c.o -o cmTC_0cce4 
CMakeFiles/cmTC_0cce4.dir/src.c.o: In function `main':
src.c:(.text+0x3e): undefined reference to `pthread_create'
src.c:(.text+0x4a): undefined reference to `pthread_detach'
src.c:(.text+0x56): undefined reference to `pthread_cancel'
src.c:(.text+0x67): undefined reference to `pthread_join'
src.c:(.text+0x7b): undefined reference to `pthread_atfork'
collect2: error: ld returned 1 exit status
CMakeFiles/cmTC_0cce4.dir/build.make:98: recipe for target 'cmTC_0cce4' failed
make[1]: *** [cmTC_0cce4] Error 1
make[1]: Leaving directory '/mnt/nfs-working/dvcf/prefetch-cache-initiator/initiator-cpp/build/CMakeFiles/CMakeTmp'
Makefile:127: recipe for target 'cmTC_0cce4/fast' failed
make: *** [cmTC_0cce4/fast] Error 2


Source file was:
#include <pthread.h>

static void* test_func(void* data)
{
  return data;
}

int main(void)
{
  pthread_t thread;
  pthread_create(&thread, NULL, test_func, NULL);
  pthread_detach(thread);
  pthread_cancel(thread);
  pthread_join(thread, NULL);
  pthread_atfork(NULL, NULL, NULL);
  pthread_exit(NULL);

  return 0;
}

Determining if the function pthread_create exists in the pthreads failed with the following output:
Change Dir: /mnt/nfs-working/dvcf/prefetch-cache-initiator/initiator-cpp/build/CMakeFiles/CMakeTmp

Run Build Command(s):/usr/bin/make -f Makefile cmTC_beb83/fast && /usr/bin/make  -f CMakeFiles/cmTC_beb83.dir/build.make CMakeFiles/cmTC_beb83.dir/build
make[1]: Entering directory '/mnt/nfs-working/dvcf/prefetch-cache-initiator/initiator-cpp/build/CMakeFiles/CMakeTmp'
Building C object CMakeFiles/cmTC_beb83.dir/CheckFunctionExists.c.o
/usr/bin/cc   -DCHECK_FUNCTION_EXISTS=pthread_create -o CMakeFiles/cmTC_beb83.dir/CheckFunctionExists.c.o -c /home/daegyu/.local/share/cmake-3.20/Modules/CheckFunctionExists.c
Linking C executable cmTC_beb83
/home/daegyu/.local/bin/cmake -E cmake_link_script CMakeFiles/cmTC_beb83.dir/link.txt --verbose=1
/usr/bin/cc  -DCHECK_FUNCTION_EXISTS=pthread_create CMakeFiles/cmTC_beb83.dir/CheckFunctionExists.c.o -o cmTC_beb83  -lpthreads 
/usr/bin/ld: cannot find -lpthreads
collect2: error: ld returned 1 exit status
CMakeFiles/cmTC_beb83.dir/build.make:98: recipe for target 'cmTC_beb83' failed
make[1]: *** [cmTC_beb83] Error 1
make[1]: Leaving directory '/mnt/nfs-working/dvcf/prefetch-cache-initiator/initiator-cpp/build/CMakeFiles/CMakeTmp'
Makefile:127: recipe for target 'cmTC_beb83/fast' failed
make: *** [cmTC_beb83/fast] Error 2



Performing C SOURCE FILE Test CMAKE_HAVE_LIBC_PTHREAD failed with the following output:
Change Dir: /mnt/nfs-working/dvcf/prefetch-cache-initiator/initiator-cpp/build/CMakeFiles/CMakeTmp

Run Build Command(s):/usr/bin/make -f Makefile cmTC_88671/fast && /usr/bin/make  -f CMakeFiles/cmTC_88671.dir/build.make CMakeFiles/cmTC_88671.dir/build
make[1]: Entering directory '/mnt/nfs-working/dvcf/prefetch-cache-initiator/initiator-cpp/build/CMakeFiles/CMakeTmp'
Building C object CMakeFiles/cmTC_88671.dir/src.c.o
/usr/bin/cc -DCMAKE_HAVE_LIBC_PTHREAD   -o CMakeFiles/cmTC_88671.dir/src.c.o -c /mnt/nfs-working/dvcf/prefetch-cache-initiator/initiator-cpp/build/CMakeFiles/CMakeTmp/src.c
Linking C executable cmTC_88671
/home/daegyu/.local/bin/cmake -E cmake_link_script CMakeFiles/cmTC_88671.dir/link.txt --verbose=1
/usr/bin/cc CMakeFiles/cmTC_88671.dir/src.c.o -o cmTC_88671 
CMakeFiles/cmTC_88671.dir/src.c.o: In function `main':
src.c:(.text+0x3e): undefined reference to `pthread_create'
src.c:(.text+0x4a): undefined reference to `pthread_detach'
src.c:(.text+0x56): undefined reference to `pthread_cancel'
src.c:(.text+0x67): undefined reference to `pthread_join'
src.c:(.text+0x7b): undefined reference to `pthread_atfork'
collect2: error: ld returned 1 exit status
CMakeFiles/cmTC_88671.dir/build.make:98: recipe for target 'cmTC_88671' failed
make[1]: *** [cmTC_88671] Error 1
make[1]: Leaving directory '/mnt/nfs-working/dvcf/prefetch-cache-initiator/initiator-cpp/build/CMakeFiles/CMakeTmp'
Makefile:127: recipe for target 'cmTC_88671/fast' failed
make: *** [cmTC_88671/fast] Error 2


Source file was:
#include <pthread.h>

static void* test_func(void* data)
{
  return data;
}

int main(void)
{
  pthread_t thread;
  pthread_create(&thread, NULL, test_func, NULL);
  pthread_detach(thread);
  pthread_cancel(thread);
  pthread_join(thread, NULL);
  pthread_atfork(NULL, NULL, NULL);
  pthread_exit(NULL);

  return 0;
}

Determining if the function pthread_create exists in the pthreads failed with the following output:
Change Dir: /mnt/nfs-working/dvcf/prefetch-cache-initiator/initiator-cpp/build/CMakeFiles/CMakeTmp

Run Build Command(s):/usr/bin/make -f Makefile cmTC_cd8b8/fast && /usr/bin/make  -f CMakeFiles/cmTC_cd8b8.dir/build.make CMakeFiles/cmTC_cd8b8.dir/build
make[1]: Entering directory '/mnt/nfs-working/dvcf/prefetch-cache-initiator/initiator-cpp/build/CMakeFiles/CMakeTmp'
Building C object CMakeFiles/cmTC_cd8b8.dir/CheckFunctionExists.c.o
/usr/bin/cc   -DCHECK_FUNCTION_EXISTS=pthread_create -o CMakeFiles/cmTC_cd8b8.dir/CheckFunctionExists.c.o -c /home/daegyu/.local/share/cmake-3.20/Modules/CheckFunctionExists.c
Linking C executable cmTC_cd8b8
/home/daegyu/.local/bin/cmake -E cmake_link_script CMakeFiles/cmTC_cd8b8.dir/link.txt --verbose=1
/usr/bin/cc  -DCHECK_FUNCTION_EXISTS=pthread_create CMakeFiles/cmTC_cd8b8.dir/CheckFunctionExists.c.o -o cmTC_cd8b8  -lpthreads 
/usr/bin/ld: cannot find -lpthreads
collect2: error: ld returned 1 exit status
CMakeFiles/cmTC_cd8b8.dir/build.make:98: recipe for target 'cmTC_cd8b8' failed
make[1]: *** [cmTC_cd8b8] Error 1
make[1]: Leaving directory '/mnt/nfs-working/dvcf/prefetch-cache-initiator/initiator-cpp/build/CMakeFiles/CMakeTmp'
Makefile:127: recipe for target 'cmTC_cd8b8/fast' failed
make: *** [cmTC_cd8b8/fast] Error 2



Performing C SOURCE FILE Test CMAKE_HAVE_LIBC_PTHREAD failed with the following output:
Change Dir: /mnt/nfs-working/dvcf/prefetch-cache-initiator/initiator-cpp/build/CMakeFiles/CMakeTmp

Run Build Command(s):/usr/bin/make -f Makefile cmTC_8975c/fast && /usr/bin/make  -f CMakeFiles/cmTC_8975c.dir/build.make CMakeFiles/cmTC_8975c.dir/build
make[1]: Entering directory '/mnt/nfs-working/dvcf/prefetch-cache-initiator/initiator-cpp/build/CMakeFiles/CMakeTmp'
Building C object CMakeFiles/cmTC_8975c.dir/src.c.o
/usr/bin/cc -DCMAKE_HAVE_LIBC_PTHREAD   -o CMakeFiles/cmTC_8975c.dir/src.c.o -c /mnt/nfs-working/dvcf/prefetch-cache-initiator/initiator-cpp/build/CMakeFiles/CMakeTmp/src.c
Linking C executable cmTC_8975c
/home/daegyu/.local/bin/cmake -E cmake_link_script CMakeFiles/cmTC_8975c.dir/link.txt --verbose=1
/usr/bin/cc CMakeFiles/cmTC_8975c.dir/src.c.o -o cmTC_8975c 
CMakeFiles/cmTC_8975c.dir/src.c.o: In function `main':
src.c:(.text+0x3e): undefined reference to `pthread_create'
src.c:(.text+0x4a): undefined reference to `pthread_detach'
src.c:(.text+0x56): undefined reference to `pthread_cancel'
src.c:(.text+0x67): undefined reference to `pthread_join'
src.c:(.text+0x7b): undefined reference to `pthread_atfork'
collect2: error: ld returned 1 exit status
CMakeFiles/cmTC_8975c.dir/build.make:98: recipe for target 'cmTC_8975c' failed
make[1]: *** [cmTC_8975c] Error 1
make[1]: Leaving directory '/mnt/nfs-working/dvcf/prefetch-cache-initiator/initiator-cpp/build/CMakeFiles/CMakeTmp'
Makefile:127: recipe for target 'cmTC_8975c/fast' failed
make: *** [cmTC_8975c/fast] Error 2


Source file was:
#include <pthread.h>

static void* test_func(void* data)
{
  return data;
}

int main(void)
{
  pthread_t thread;
  pthread_create(&thread, NULL, test_func, NULL);
  pthread_detach(thread);
  pthread_cancel(thread);
  pthread_join(thread, NULL);
  pthread_atfork(NULL, NULL, NULL);
  pthread_exit(NULL);

  return 0;
}

Determining if the function pthread_create exists in the pthreads failed with the following output:
Change Dir: /mnt/nfs-working/dvcf/prefetch-cache-initiator/initiator-cpp/build/CMakeFiles/CMakeTmp

Run Build Command(s):/usr/bin/make -f Makefile cmTC_9de05/fast && /usr/bin/make  -f CMakeFiles/cmTC_9de05.dir/build.make CMakeFiles/cmTC_9de05.dir/build
make[1]: Entering directory '/mnt/nfs-working/dvcf/prefetch-cache-initiator/initiator-cpp/build/CMakeFiles/CMakeTmp'
Building C object CMakeFiles/cmTC_9de05.dir/CheckFunctionExists.c.o
/usr/bin/cc   -DCHECK_FUNCTION_EXISTS=pthread_create -o CMakeFiles/cmTC_9de05.dir/CheckFunctionExists.c.o -c /home/daegyu/.local/share/cmake-3.20/Modules/CheckFunctionExists.c
Linking C executable cmTC_9de05
/home/daegyu/.local/bin/cmake -E cmake_link_script CMakeFiles/cmTC_9de05.dir/link.txt --verbose=1
/usr/bin/cc  -DCHECK_FUNCTION_EXISTS=pthread_create CMakeFiles/cmTC_9de05.dir/CheckFunctionExists.c.o -o cmTC_9de05  -lpthreads 
/usr/bin/ld: cannot find -lpthreads
collect2: error: ld returned 1 exit status
CMakeFiles/cmTC_9de05.dir/build.make:98: recipe for target 'cmTC_9de05' failed
make[1]: *** [cmTC_9de05] Error 1
make[1]: Leaving directory '/mnt/nfs-working/dvcf/prefetch-cache-initiator/initiator-cpp/build/CMakeFiles/CMakeTmp'
Makefile:127: recipe for target 'cmTC_9de05/fast' failed
make: *** [cmTC_9de05/fast] Error 2



Performing C SOURCE FILE Test CMAKE_HAVE_LIBC_PTHREAD failed with the following output:
Change Dir: /mnt/nfs-working/dvcf/prefetch-cache-initiator/initiator-cpp/build/CMakeFiles/CMakeTmp

Run Build Command(s):/usr/bin/make -f Makefile cmTC_32736/fast && /usr/bin/make  -f CMakeFiles/cmTC_32736.dir/build.make CMakeFiles/cmTC_32736.dir/build
make[1]: Entering directory '/mnt/nfs-working/dvcf/prefetch-cache-initiator/initiator-cpp/build/CMakeFiles/CMakeTmp'
Building C object CMakeFiles/cmTC_32736.dir/src.c.o
/usr/bin/cc -DCMAKE_HAVE_LIBC_PTHREAD   -o CMakeFiles/cmTC_32736.dir/src.c.o -c /mnt/nfs-working/dvcf/prefetch-cache-initiator/initiator-cpp/build/CMakeFiles/CMakeTmp/src.c
Linking C executable cmTC_32736
/home/daegyu/.local/bin/cmake -E cmake_link_script CMakeFiles/cmTC_32736.dir/link.txt --verbose=1
/usr/bin/cc CMakeFiles/cmTC_32736.dir/src.c.o -o cmTC_32736 
CMakeFiles/cmTC_32736.dir/src.c.o: In function `main':
src.c:(.text+0x3e): undefined reference to `pthread_create'
src.c:(.text+0x4a): undefined reference to `pthread_detach'
src.c:(.text+0x56): undefined reference to `pthread_cancel'
src.c:(.text+0x67): undefined reference to `pthread_join'
src.c:(.text+0x7b): undefined reference to `pthread_atfork'
collect2: error: ld returned 1 exit status
CMakeFiles/cmTC_32736.dir/build.make:98: recipe for target 'cmTC_32736' failed
make[1]: *** [cmTC_32736] Error 1
make[1]: Leaving directory '/mnt/nfs-working/dvcf/prefetch-cache-initiator/initiator-cpp/build/CMakeFiles/CMakeTmp'
Makefile:127: recipe for target 'cmTC_32736/fast' failed
make: *** [cmTC_32736/fast] Error 2


Source file was:
#include <pthread.h>

static void* test_func(void* data)
{
  return data;
}

int main(void)
{
  pthread_t thread;
  pthread_create(&thread, NULL, test_func, NULL);
  pthread_detach(thread);
  pthread_cancel(thread);
  pthread_join(thread, NULL);
  pthread_atfork(NULL, NULL, NULL);
  pthread_exit(NULL);

  return 0;
}

Determining if the function pthread_create exists in the pthreads failed with the following output:
Change Dir: /mnt/nfs-working/dvcf/prefetch-cache-initiator/initiator-cpp/build/CMakeFiles/CMakeTmp

Run Build Command(s):/usr/bin/make -f Makefile cmTC_799ab/fast && /usr/bin/make  -f CMakeFiles/cmTC_799ab.dir/build.make CMakeFiles/cmTC_799ab.dir/build
make[1]: Entering directory '/mnt/nfs-working/dvcf/prefetch-cache-initiator/initiator-cpp/build/CMakeFiles/CMakeTmp'
Building C object CMakeFiles/cmTC_799ab.dir/CheckFunctionExists.c.o
/usr/bin/cc   -DCHECK_FUNCTION_EXISTS=pthread_create -o CMakeFiles/cmTC_799ab.dir/CheckFunctionExists.c.o -c /home/daegyu/.local/share/cmake-3.20/Modules/CheckFunctionExists.c
Linking C executable cmTC_799ab
/home/daegyu/.local/bin/cmake -E cmake_link_script CMakeFiles/cmTC_799ab.dir/link.txt --verbose=1
/usr/bin/cc  -DCHECK_FUNCTION_EXISTS=pthread_create CMakeFiles/cmTC_799ab.dir/CheckFunctionExists.c.o -o cmTC_799ab  -lpthreads 
/usr/bin/ld: cannot find -lpthreads
collect2: error: ld returned 1 exit status
CMakeFiles/cmTC_799ab.dir/build.make:98: recipe for target 'cmTC_799ab' failed
make[1]: *** [cmTC_799ab] Error 1
make[1]: Leaving directory '/mnt/nfs-working/dvcf/prefetch-cache-initiator/initiator-cpp/build/CMakeFiles/CMakeTmp'
Makefile:127: recipe for target 'cmTC_799ab/fast' failed
make: *** [cmTC_799ab/fast] Error 2



Performing C SOURCE FILE Test CMAKE_HAVE_LIBC_PTHREAD failed with the following output:
Change Dir: /mnt/nfs-working/dvcf/prefetch-cache-initiator/initiator-cpp/build/CMakeFiles/CMakeTmp

Run Build Command(s):/usr/bin/make -f Makefile cmTC_829fb/fast && /usr/bin/make  -f CMakeFiles/cmTC_829fb.dir/build.make CMakeFiles/cmTC_829fb.dir/build
make[1]: Entering directory '/mnt/nfs-working/dvcf/prefetch-cache-initiator/initiator-cpp/build/CMakeFiles/CMakeTmp'
Building C object CMakeFiles/cmTC_829fb.dir/src.c.o
/usr/bin/cc -DCMAKE_HAVE_LIBC_PTHREAD   -o CMakeFiles/cmTC_829fb.dir/src.c.o -c /mnt/nfs-working/dvcf/prefetch-cache-initiator/initiator-cpp/build/CMakeFiles/CMakeTmp/src.c
Linking C executable cmTC_829fb
/home/daegyu/.local/bin/cmake -E cmake_link_script CMakeFiles/cmTC_829fb.dir/link.txt --verbose=1
/usr/bin/cc CMakeFiles/cmTC_829fb.dir/src.c.o -o cmTC_829fb 
CMakeFiles/cmTC_829fb.dir/src.c.o: In function `main':
src.c:(.text+0x3e): undefined reference to `pthread_create'
src.c:(.text+0x4a): undefined reference to `pthread_detach'
src.c:(.text+0x56): undefined reference to `pthread_cancel'
src.c:(.text+0x67): undefined reference to `pthread_join'
src.c:(.text+0x7b): undefined reference to `pthread_atfork'
collect2: error: ld returned 1 exit status
CMakeFiles/cmTC_829fb.dir/build.make:98: recipe for target 'cmTC_829fb' failed
make[1]: *** [cmTC_829fb] Error 1
make[1]: Leaving directory '/mnt/nfs-working/dvcf/prefetch-cache-initiator/initiator-cpp/build/CMakeFiles/CMakeTmp'
Makefile:127: recipe for target 'cmTC_829fb/fast' failed
make: *** [cmTC_829fb/fast] Error 2


Source file was:
#include <pthread.h>

static void* test_func(void* data)
{
  return data;
}

int main(void)
{
  pthread_t thread;
  pthread_create(&thread, NULL, test_func, NULL);
  pthread_detach(thread);
  pthread_cancel(thread);
  pthread_join(thread, NULL);
  pthread_atfork(NULL, NULL, NULL);
  pthread_exit(NULL);

  return 0;
}

Determining if the function pthread_create exists in the pthreads failed with the following output:
Change Dir: /mnt/nfs-working/dvcf/prefetch-cache-initiator/initiator-cpp/build/CMakeFiles/CMakeTmp

Run Build Command(s):/usr/bin/make -f Makefile cmTC_daa70/fast && /usr/bin/make  -f CMakeFiles/cmTC_daa70.dir/build.make CMakeFiles/cmTC_daa70.dir/build
make[1]: Entering directory '/mnt/nfs-working/dvcf/prefetch-cache-initiator/initiator-cpp/build/CMakeFiles/CMakeTmp'
Building C object CMakeFiles/cmTC_daa70.dir/CheckFunctionExists.c.o
/usr/bin/cc   -DCHECK_FUNCTION_EXISTS=pthread_create -o CMakeFiles/cmTC_daa70.dir/CheckFunctionExists.c.o -c /home/daegyu/.local/share/cmake-3.20/Modules/CheckFunctionExists.c
Linking C executable cmTC_daa70
/home/daegyu/.local/bin/cmake -E cmake_link_script CMakeFiles/cmTC_daa70.dir/link.txt --verbose=1
/usr/bin/cc  -DCHECK_FUNCTION_EXISTS=pthread_create CMakeFiles/cmTC_daa70.dir/CheckFunctionExists.c.o -o cmTC_daa70  -lpthreads 
/usr/bin/ld: cannot find -lpthreads
collect2: error: ld returned 1 exit status
CMakeFiles/cmTC_daa70.dir/build.make:98: recipe for target 'cmTC_daa70' failed
make[1]: *** [cmTC_daa70] Error 1
make[1]: Leaving directory '/mnt/nfs-working/dvcf/prefetch-cache-initiator/initiator-cpp/build/CMakeFiles/CMakeTmp'
Makefile:127: recipe for target 'cmTC_daa70/fast' failed
make: *** [cmTC_daa70/fast] Error 2



Performing C SOURCE FILE Test CMAKE_HAVE_LIBC_PTHREAD failed with the following output:
Change Dir: /mnt/nfs-working/dvcf/prefetch-cache-initiator/initiator-cpp/build/CMakeFiles/CMakeTmp

Run Build Command(s):/usr/bin/make -f Makefile cmTC_bee3b/fast && /usr/bin/make  -f CMakeFiles/cmTC_bee3b.dir/build.make CMakeFiles/cmTC_bee3b.dir/build
make[1]: Entering directory '/mnt/nfs-working/dvcf/prefetch-cache-initiator/initiator-cpp/build/CMakeFiles/CMakeTmp'
Building C object CMakeFiles/cmTC_bee3b.dir/src.c.o
/usr/bin/cc -DCMAKE_HAVE_LIBC_PTHREAD   -o CMakeFiles/cmTC_bee3b.dir/src.c.o -c /mnt/nfs-working/dvcf/prefetch-cache-initiator/initiator-cpp/build/CMakeFiles/CMakeTmp/src.c
Linking C executable cmTC_bee3b
/home/daegyu/.local/bin/cmake -E cmake_link_script CMakeFiles/cmTC_bee3b.dir/link.txt --verbose=1
/usr/bin/cc CMakeFiles/cmTC_bee3b.dir/src.c.o -o cmTC_bee3b 
CMakeFiles/cmTC_bee3b.dir/src.c.o: In function `main':
src.c:(.text+0x3e): undefined reference to `pthread_create'
src.c:(.text+0x4a): undefined reference to `pthread_detach'
src.c:(.text+0x56): undefined reference to `pthread_cancel'
src.c:(.text+0x67): undefined reference to `pthread_join'
src.c:(.text+0x7b): undefined reference to `pthread_atfork'
collect2: error: ld returned 1 exit status
CMakeFiles/cmTC_bee3b.dir/build.make:98: recipe for target 'cmTC_bee3b' failed
make[1]: *** [cmTC_bee3b] Error 1
make[1]: Leaving directory '/mnt/nfs-working/dvcf/prefetch-cache-initiator/initiator-cpp/build/CMakeFiles/CMakeTmp'
Makefile:127: recipe for target 'cmTC_bee3b/fast' failed
make: *** [cmTC_bee3b/fast] Error 2


Source file was:
#include <pthread.h>

static void* test_func(void* data)
{
  return data;
}

int main(void)
{
  pthread_t thread;
  pthread_create(&thread, NULL, test_func, NULL);
  pthread_detach(thread);
  pthread_cancel(thread);
  pthread_join(thread, NULL);
  pthread_atfork(NULL, NULL, NULL);
  pthread_exit(NULL);

  return 0;
}

Determining if the function pthread_create exists in the pthreads failed with the following output:
Change Dir: /mnt/nfs-working/dvcf/prefetch-cache-initiator/initiator-cpp/build/CMakeFiles/CMakeTmp

Run Build Command(s):/usr/bin/make -f Makefile cmTC_e6459/fast && /usr/bin/make  -f CMakeFiles/cmTC_e6459.dir/build.make CMakeFiles/cmTC_e6459.dir/build
make[1]: Entering directory '/mnt/nfs-working/dvcf/prefetch-cache-initiator/initiator-cpp/build/CMakeFiles/CMakeTmp'
Building C object CMakeFiles/cmTC_e6459.dir/CheckFunctionExists.c.o
/usr/bin/cc   -DCHECK_FUNCTION_EXISTS=pthread_create -o CMakeFiles/cmTC_e6459.dir/CheckFunctionExists.c.o -c /home/daegyu/.local/share/cmake-3.20/Modules/CheckFunctionExists.c
Linking C executable cmTC_e6459
/home/daegyu/.local/bin/cmake -E cmake_link_script CMakeFiles/cmTC_e6459.dir/link.txt --verbose=1
/usr/bin/cc  -DCHECK_FUNCTION_EXISTS=pthread_create CMakeFiles/cmTC_e6459.dir/CheckFunctionExists.c.o -o cmTC_e6459  -lpthreads 
/usr/bin/ld: cannot find -lpthreads
collect2: error: ld returned 1 exit status
CMakeFiles/cmTC_e6459.dir/build.make:98: recipe for target 'cmTC_e6459' failed
make[1]: *** [cmTC_e6459] Error 1
make[1]: Leaving directory '/mnt/nfs-working/dvcf/prefetch-cache-initiator/initiator-cpp/build/CMakeFiles/CMakeTmp'
Makefile:127: recipe for target 'cmTC_e6459/fast' failed
make: *** [cmTC_e6459/fast] Error 2



Performing C SOURCE FILE Test CMAKE_HAVE_LIBC_PTHREAD failed with the following output:
Change Dir: /mnt/nfs-working/dvcf/prefetch-cache-initiator/initiator-cpp/build/CMakeFiles/CMakeTmp

Run Build Command(s):/usr/bin/make -f Makefile cmTC_6a8b0/fast && /usr/bin/make  -f CMakeFiles/cmTC_6a8b0.dir/build.make CMakeFiles/cmTC_6a8b0.dir/build
make[1]: Entering directory '/mnt/nfs-working/dvcf/prefetch-cache-initiator/initiator-cpp/build/CMakeFiles/CMakeTmp'
Building C object CMakeFiles/cmTC_6a8b0.dir/src.c.o
/usr/bin/cc -DCMAKE_HAVE_LIBC_PTHREAD   -o CMakeFiles/cmTC_6a8b0.dir/src.c.o -c /mnt/nfs-working/dvcf/prefetch-cache-initiator/initiator-cpp/build/CMakeFiles/CMakeTmp/src.c
Linking C executable cmTC_6a8b0
/home/daegyu/.local/bin/cmake -E cmake_link_script CMakeFiles/cmTC_6a8b0.dir/link.txt --verbose=1
/usr/bin/cc CMakeFiles/cmTC_6a8b0.dir/src.c.o -o cmTC_6a8b0 
CMakeFiles/cmTC_6a8b0.dir/src.c.o: In function `main':
src.c:(.text+0x3e): undefined reference to `pthread_create'
src.c:(.text+0x4a): undefined reference to `pthread_detach'
src.c:(.text+0x56): undefined reference to `pthread_cancel'
src.c:(.text+0x67): undefined reference to `pthread_join'
src.c:(.text+0x7b): undefined reference to `pthread_atfork'
collect2: error: ld returned 1 exit status
CMakeFiles/cmTC_6a8b0.dir/build.make:98: recipe for target 'cmTC_6a8b0' failed
make[1]: *** [cmTC_6a8b0] Error 1
make[1]: Leaving directory '/mnt/nfs-working/dvcf/prefetch-cache-initiator/initiator-cpp/build/CMakeFiles/CMakeTmp'
Makefile:127: recipe for target 'cmTC_6a8b0/fast' failed
make: *** [cmTC_6a8b0/fast] Error 2


Source file was:
#include <pthread.h>

static void* test_func(void* data)
{
  return data;
}

int main(void)
{
  pthread_t thread;
  pthread_create(&thread, NULL, test_func, NULL);
  pthread_detach(thread);
  pthread_cancel(thread);
  pthread_join(thread, NULL);
  pthread_atfork(NULL, NULL, NULL);
  pthread_exit(NULL);

  return 0;
}

Determining if the function pthread_create exists in the pthreads failed with the following output:
Change Dir: /mnt/nfs-working/dvcf/prefetch-cache-initiator/initiator-cpp/build/CMakeFiles/CMakeTmp

Run Build Command(s):/usr/bin/make -f Makefile cmTC_c9509/fast && /usr/bin/make  -f CMakeFiles/cmTC_c9509.dir/build.make CMakeFiles/cmTC_c9509.dir/build
make[1]: Entering directory '/mnt/nfs-working/dvcf/prefetch-cache-initiator/initiator-cpp/build/CMakeFiles/CMakeTmp'
Building C object CMakeFiles/cmTC_c9509.dir/CheckFunctionExists.c.o
/usr/bin/cc   -DCHECK_FUNCTION_EXISTS=pthread_create -o CMakeFiles/cmTC_c9509.dir/CheckFunctionExists.c.o -c /home/daegyu/.local/share/cmake-3.20/Modules/CheckFunctionExists.c
Linking C executable cmTC_c9509
/home/daegyu/.local/bin/cmake -E cmake_link_script CMakeFiles/cmTC_c9509.dir/link.txt --verbose=1
/usr/bin/cc  -DCHECK_FUNCTION_EXISTS=pthread_create CMakeFiles/cmTC_c9509.dir/CheckFunctionExists.c.o -o cmTC_c9509  -lpthreads 
/usr/bin/ld: cannot find -lpthreads
collect2: error: ld returned 1 exit status
CMakeFiles/cmTC_c9509.dir/build.make:98: recipe for target 'cmTC_c9509' failed
make[1]: *** [cmTC_c9509] Error 1
make[1]: Leaving directory '/mnt/nfs-working/dvcf/prefetch-cache-initiator/initiator-cpp/build/CMakeFiles/CMakeTmp'
Makefile:127: recipe for target 'cmTC_c9509/fast' failed
make: *** [cmTC_c9509/fast] Error 2



Performing C SOURCE FILE Test CMAKE_HAVE_LIBC_PTHREAD failed with the following output:
Change Dir: /mnt/nfs-working/dvcf/prefetch-cache-initiator/initiator-cpp/build/CMakeFiles/CMakeTmp

Run Build Command(s):/usr/bin/make -f Makefile cmTC_20e71/fast && /usr/bin/make  -f CMakeFiles/cmTC_20e71.dir/build.make CMakeFiles/cmTC_20e71.dir/build
make[1]: Entering directory '/mnt/nfs-working/dvcf/prefetch-cache-initiator/initiator-cpp/build/CMakeFiles/CMakeTmp'
Building C object CMakeFiles/cmTC_20e71.dir/src.c.o
/usr/bin/cc -DCMAKE_HAVE_LIBC_PTHREAD   -o CMakeFiles/cmTC_20e71.dir/src.c.o -c /mnt/nfs-working/dvcf/prefetch-cache-initiator/initiator-cpp/build/CMakeFiles/CMakeTmp/src.c
Linking C executable cmTC_20e71
/home/daegyu/.local/bin/cmake -E cmake_link_script CMakeFiles/cmTC_20e71.dir/link.txt --verbose=1
/usr/bin/cc CMakeFiles/cmTC_20e71.dir/src.c.o -o cmTC_20e71 
CMakeFiles/cmTC_20e71.dir/src.c.o: In function `main':
src.c:(.text+0x3e): undefined reference to `pthread_create'
src.c:(.text+0x4a): undefined reference to `pthread_detach'
src.c:(.text+0x56): undefined reference to `pthread_cancel'
src.c:(.text+0x67): undefined reference to `pthread_join'
src.c:(.text+0x7b): undefined reference to `pthread_atfork'
collect2: error: ld returned 1 exit status
CMakeFiles/cmTC_20e71.dir/build.make:98: recipe for target 'cmTC_20e71' failed
make[1]: *** [cmTC_20e71] Error 1
make[1]: Leaving directory '/mnt/nfs-working/dvcf/prefetch-cache-initiator/initiator-cpp/build/CMakeFiles/CMakeTmp'
Makefile:127: recipe for target 'cmTC_20e71/fast' failed
make: *** [cmTC_20e71/fast] Error 2


Source file was:
#include <pthread.h>

static void* test_func(void* data)
{
  return data;
}

int main(void)
{
  pthread_t thread;
  pthread_create(&thread, NULL, test_func, NULL);
  pthread_detach(thread);
  pthread_cancel(thread);
  pthread_join(thread, NULL);
  pthread_atfork(NULL, NULL, NULL);
  pthread_exit(NULL);

  return 0;
}

Determining if the function pthread_create exists in the pthreads failed with the following output:
Change Dir: /mnt/nfs-working/dvcf/prefetch-cache-initiator/initiator-cpp/build/CMakeFiles/CMakeTmp

Run Build Command(s):/usr/bin/make -f Makefile cmTC_e097a/fast && /usr/bin/make  -f CMakeFiles/cmTC_e097a.dir/build.make CMakeFiles/cmTC_e097a.dir/build
make[1]: Entering directory '/mnt/nfs-working/dvcf/prefetch-cache-initiator/initiator-cpp/build/CMakeFiles/CMakeTmp'
Building C object CMakeFiles/cmTC_e097a.dir/CheckFunctionExists.c.o
/usr/bin/cc   -DCHECK_FUNCTION_EXISTS=pthread_create -o CMakeFiles/cmTC_e097a.dir/CheckFunctionExists.c.o -c /home/daegyu/.local/share/cmake-3.20/Modules/CheckFunctionExists.c
Linking C executable cmTC_e097a
/home/daegyu/.local/bin/cmake -E cmake_link_script CMakeFiles/cmTC_e097a.dir/link.txt --verbose=1
/usr/bin/cc  -DCHECK_FUNCTION_EXISTS=pthread_create CMakeFiles/cmTC_e097a.dir/CheckFunctionExists.c.o -o cmTC_e097a  -lpthreads 
/usr/bin/ld: cannot find -lpthreads
collect2: error: ld returned 1 exit status
CMakeFiles/cmTC_e097a.dir/build.make:98: recipe for target 'cmTC_e097a' failed
make[1]: *** [cmTC_e097a] Error 1
make[1]: Leaving directory '/mnt/nfs-working/dvcf/prefetch-cache-initiator/initiator-cpp/build/CMakeFiles/CMakeTmp'
Makefile:127: recipe for target 'cmTC_e097a/fast' failed
make: *** [cmTC_e097a/fast] Error 2



Performing C SOURCE FILE Test CMAKE_HAVE_LIBC_PTHREAD failed with the following output:
Change Dir: /mnt/nfs-working/dvcf/prefetch-cache-initiator/initiator-cpp/build/CMakeFiles/CMakeTmp

Run Build Command(s):/usr/bin/make -f Makefile cmTC_7e416/fast && /usr/bin/make  -f CMakeFiles/cmTC_7e416.dir/build.make CMakeFiles/cmTC_7e416.dir/build
make[1]: Entering directory '/mnt/nfs-working/dvcf/prefetch-cache-initiator/initiator-cpp/build/CMakeFiles/CMakeTmp'
Building C object CMakeFiles/cmTC_7e416.dir/src.c.o
/usr/bin/cc -DCMAKE_HAVE_LIBC_PTHREAD   -o CMakeFiles/cmTC_7e416.dir/src.c.o -c /mnt/nfs-working/dvcf/prefetch-cache-initiator/initiator-cpp/build/CMakeFiles/CMakeTmp/src.c
Linking C executable cmTC_7e416
/home/daegyu/.local/bin/cmake -E cmake_link_script CMakeFiles/cmTC_7e416.dir/link.txt --verbose=1
/usr/bin/cc CMakeFiles/cmTC_7e416.dir/src.c.o -o cmTC_7e416 
CMakeFiles/cmTC_7e416.dir/src.c.o: In function `main':
src.c:(.text+0x3e): undefined reference to `pthread_create'
src.c:(.text+0x4a): undefined reference to `pthread_detach'
src.c:(.text+0x56): undefined reference to `pthread_cancel'
src.c:(.text+0x67): undefined reference to `pthread_join'
src.c:(.text+0x7b): undefined reference to `pthread_atfork'
collect2: error: ld returned 1 exit status
CMakeFiles/cmTC_7e416.dir/build.make:98: recipe for target 'cmTC_7e416' failed
make[1]: *** [cmTC_7e416] Error 1
make[1]: Leaving directory '/mnt/nfs-working/dvcf/prefetch-cache-initiator/initiator-cpp/build/CMakeFiles/CMakeTmp'
Makefile:127: recipe for target 'cmTC_7e416/fast' failed
make: *** [cmTC_7e416/fast] Error 2


Source file was:
#include <pthread.h>

static void* test_func(void* data)
{
  return data;
}

int main(void)
{
  pthread_t thread;
  pthread_create(&thread, NULL, test_func, NULL);
  pthread_detach(thread);
  pthread_cancel(thread);
  pthread_join(thread, NULL);
  pthread_atfork(NULL, NULL, NULL);
  pthread_exit(NULL);

  return 0;
}

Determining if the function pthread_create exists in the pthreads failed with the following output:
Change Dir: /mnt/nfs-working/dvcf/prefetch-cache-initiator/initiator-cpp/build/CMakeFiles/CMakeTmp

Run Build Command(s):/usr/bin/make -f Makefile cmTC_9fd5c/fast && /usr/bin/make  -f CMakeFiles/cmTC_9fd5c.dir/build.make CMakeFiles/cmTC_9fd5c.dir/build
make[1]: Entering directory '/mnt/nfs-working/dvcf/prefetch-cache-initiator/initiator-cpp/build/CMakeFiles/CMakeTmp'
Building C object CMakeFiles/cmTC_9fd5c.dir/CheckFunctionExists.c.o
/usr/bin/cc   -DCHECK_FUNCTION_EXISTS=pthread_create -o CMakeFiles/cmTC_9fd5c.dir/CheckFunctionExists.c.o -c /home/daegyu/.local/share/cmake-3.20/Modules/CheckFunctionExists.c
Linking C executable cmTC_9fd5c
/home/daegyu/.local/bin/cmake -E cmake_link_script CMakeFiles/cmTC_9fd5c.dir/link.txt --verbose=1
/usr/bin/cc  -DCHECK_FUNCTION_EXISTS=pthread_create CMakeFiles/cmTC_9fd5c.dir/CheckFunctionExists.c.o -o cmTC_9fd5c  -lpthreads 
/usr/bin/ld: cannot find -lpthreads
collect2: error: ld returned 1 exit status
CMakeFiles/cmTC_9fd5c.dir/build.make:98: recipe for target 'cmTC_9fd5c' failed
make[1]: *** [cmTC_9fd5c] Error 1
make[1]: Leaving directory '/mnt/nfs-working/dvcf/prefetch-cache-initiator/initiator-cpp/build/CMakeFiles/CMakeTmp'
Makefile:127: recipe for target 'cmTC_9fd5c/fast' failed
make: *** [cmTC_9fd5c/fast] Error 2



Performing C SOURCE FILE Test CMAKE_HAVE_LIBC_PTHREAD failed with the following output:
Change Dir: /mnt/nfs-working/dvcf/prefetch-cache-initiator/initiator-cpp/build/CMakeFiles/CMakeTmp

Run Build Command(s):/usr/bin/make -f Makefile cmTC_b5dc5/fast && /usr/bin/make  -f CMakeFiles/cmTC_b5dc5.dir/build.make CMakeFiles/cmTC_b5dc5.dir/build
make[1]: Entering directory '/mnt/nfs-working/dvcf/prefetch-cache-initiator/initiator-cpp/build/CMakeFiles/CMakeTmp'
Building C object CMakeFiles/cmTC_b5dc5.dir/src.c.o
/usr/bin/cc -DCMAKE_HAVE_LIBC_PTHREAD   -o CMakeFiles/cmTC_b5dc5.dir/src.c.o -c /mnt/nfs-working/dvcf/prefetch-cache-initiator/initiator-cpp/build/CMakeFiles/CMakeTmp/src.c
Linking C executable cmTC_b5dc5
/home/daegyu/.local/bin/cmake -E cmake_link_script CMakeFiles/cmTC_b5dc5.dir/link.txt --verbose=1
/usr/bin/cc CMakeFiles/cmTC_b5dc5.dir/src.c.o -o cmTC_b5dc5 
CMakeFiles/cmTC_b5dc5.dir/src.c.o: In function `main':
src.c:(.text+0x3e): undefined reference to `pthread_create'
src.c:(.text+0x4a): undefined reference to `pthread_detach'
src.c:(.text+0x56): undefined reference to `pthread_cancel'
src.c:(.text+0x67): undefined reference to `pthread_join'
src.c:(.text+0x7b): undefined reference to `pthread_atfork'
collect2: error: ld returned 1 exit status
CMakeFiles/cmTC_b5dc5.dir/build.make:98: recipe for target 'cmTC_b5dc5' failed
make[1]: *** [cmTC_b5dc5] Error 1
make[1]: Leaving directory '/mnt/nfs-working/dvcf/prefetch-cache-initiator/initiator-cpp/build/CMakeFiles/CMakeTmp'
Makefile:127: recipe for target 'cmTC_b5dc5/fast' failed
make: *** [cmTC_b5dc5/fast] Error 2


Source file was:
#include <pthread.h>

static void* test_func(void* data)
{
  return data;
}

int main(void)
{
  pthread_t thread;
  pthread_create(&thread, NULL, test_func, NULL);
  pthread_detach(thread);
  pthread_cancel(thread);
  pthread_join(thread, NULL);
  pthread_atfork(NULL, NULL, NULL);
  pthread_exit(NULL);

  return 0;
}

Determining if the function pthread_create exists in the pthreads failed with the following output:
Change Dir: /mnt/nfs-working/dvcf/prefetch-cache-initiator/initiator-cpp/build/CMakeFiles/CMakeTmp

Run Build Command(s):/usr/bin/make -f Makefile cmTC_3c02c/fast && /usr/bin/make  -f CMakeFiles/cmTC_3c02c.dir/build.make CMakeFiles/cmTC_3c02c.dir/build
make[1]: Entering directory '/mnt/nfs-working/dvcf/prefetch-cache-initiator/initiator-cpp/build/CMakeFiles/CMakeTmp'
Building C object CMakeFiles/cmTC_3c02c.dir/CheckFunctionExists.c.o
/usr/bin/cc   -DCHECK_FUNCTION_EXISTS=pthread_create -o CMakeFiles/cmTC_3c02c.dir/CheckFunctionExists.c.o -c /home/daegyu/.local/share/cmake-3.20/Modules/CheckFunctionExists.c
Linking C executable cmTC_3c02c
/home/daegyu/.local/bin/cmake -E cmake_link_script CMakeFiles/cmTC_3c02c.dir/link.txt --verbose=1
/usr/bin/cc  -DCHECK_FUNCTION_EXISTS=pthread_create CMakeFiles/cmTC_3c02c.dir/CheckFunctionExists.c.o -o cmTC_3c02c  -lpthreads 
/usr/bin/ld: cannot find -lpthreads
collect2: error: ld returned 1 exit status
CMakeFiles/cmTC_3c02c.dir/build.make:98: recipe for target 'cmTC_3c02c' failed
make[1]: *** [cmTC_3c02c] Error 1
make[1]: Leaving directory '/mnt/nfs-working/dvcf/prefetch-cache-initiator/initiator-cpp/build/CMakeFiles/CMakeTmp'
Makefile:127: recipe for target 'cmTC_3c02c/fast' failed
make: *** [cmTC_3c02c/fast] Error 2



Performing C SOURCE FILE Test CMAKE_HAVE_LIBC_PTHREAD failed with the following output:
Change Dir: /mnt/nfs-working/dvcf/prefetch-cache-initiator/initiator-cpp/build/CMakeFiles/CMakeTmp

Run Build Command(s):/usr/bin/make -f Makefile cmTC_fe74f/fast && /usr/bin/make  -f CMakeFiles/cmTC_fe74f.dir/build.make CMakeFiles/cmTC_fe74f.dir/build
make[1]: Entering directory '/mnt/nfs-working/dvcf/prefetch-cache-initiator/initiator-cpp/build/CMakeFiles/CMakeTmp'
Building C object CMakeFiles/cmTC_fe74f.dir/src.c.o
/usr/bin/cc -DCMAKE_HAVE_LIBC_PTHREAD   -o CMakeFiles/cmTC_fe74f.dir/src.c.o -c /mnt/nfs-working/dvcf/prefetch-cache-initiator/initiator-cpp/build/CMakeFiles/CMakeTmp/src.c
Linking C executable cmTC_fe74f
/home/daegyu/.local/bin/cmake -E cmake_link_script CMakeFiles/cmTC_fe74f.dir/link.txt --verbose=1
/usr/bin/cc CMakeFiles/cmTC_fe74f.dir/src.c.o -o cmTC_fe74f 
CMakeFiles/cmTC_fe74f.dir/src.c.o: In function `main':
src.c:(.text+0x3e): undefined reference to `pthread_create'
src.c:(.text+0x4a): undefined reference to `pthread_detach'
src.c:(.text+0x56): undefined reference to `pthread_cancel'
src.c:(.text+0x67): undefined reference to `pthread_join'
src.c:(.text+0x7b): undefined reference to `pthread_atfork'
collect2: error: ld returned 1 exit status
CMakeFiles/cmTC_fe74f.dir/build.make:98: recipe for target 'cmTC_fe74f' failed
make[1]: *** [cmTC_fe74f] Error 1
make[1]: Leaving directory '/mnt/nfs-working/dvcf/prefetch-cache-initiator/initiator-cpp/build/CMakeFiles/CMakeTmp'
Makefile:127: recipe for target 'cmTC_fe74f/fast' failed
make: *** [cmTC_fe74f/fast] Error 2


Source file was:
#include <pthread.h>

static void* test_func(void* data)
{
  return data;
}

int main(void)
{
  pthread_t thread;
  pthread_create(&thread, NULL, test_func, NULL);
  pthread_detach(thread);
  pthread_cancel(thread);
  pthread_join(thread, NULL);
  pthread_atfork(NULL, NULL, NULL);
  pthread_exit(NULL);

  return 0;
}

Determining if the function pthread_create exists in the pthreads failed with the following output:
Change Dir: /mnt/nfs-working/dvcf/prefetch-cache-initiator/initiator-cpp/build/CMakeFiles/CMakeTmp

Run Build Command(s):/usr/bin/make -f Makefile cmTC_45ea1/fast && /usr/bin/make  -f CMakeFiles/cmTC_45ea1.dir/build.make CMakeFiles/cmTC_45ea1.dir/build
make[1]: Entering directory '/mnt/nfs-working/dvcf/prefetch-cache-initiator/initiator-cpp/build/CMakeFiles/CMakeTmp'
Building C object CMakeFiles/cmTC_45ea1.dir/CheckFunctionExists.c.o
/usr/bin/cc   -DCHECK_FUNCTION_EXISTS=pthread_create -o CMakeFiles/cmTC_45ea1.dir/CheckFunctionExists.c.o -c /home/daegyu/.local/share/cmake-3.20/Modules/CheckFunctionExists.c
Linking C executable cmTC_45ea1
/home/daegyu/.local/bin/cmake -E cmake_link_script CMakeFiles/cmTC_45ea1.dir/link.txt --verbose=1
/usr/bin/cc  -DCHECK_FUNCTION_EXISTS=pthread_create CMakeFiles/cmTC_45ea1.dir/CheckFunctionExists.c.o -o cmTC_45ea1  -lpthreads 
/usr/bin/ld: cannot find -lpthreads
collect2: error: ld returned 1 exit status
CMakeFiles/cmTC_45ea1.dir/build.make:98: recipe for target 'cmTC_45ea1' failed
make[1]: *** [cmTC_45ea1] Error 1
make[1]: Leaving directory '/mnt/nfs-working/dvcf/prefetch-cache-initiator/initiator-cpp/build/CMakeFiles/CMakeTmp'
Makefile:127: recipe for target 'cmTC_45ea1/fast' failed
make: *** [cmTC_45ea1/fast] Error 2



Performing C SOURCE FILE Test CMAKE_HAVE_LIBC_PTHREAD failed with the following output:
Change Dir: /mnt/nfs-working/dvcf/prefetch-cache-initiator/initiator-cpp/build/CMakeFiles/CMakeTmp

Run Build Command(s):/usr/bin/make -f Makefile cmTC_3ffec/fast && /usr/bin/make  -f CMakeFiles/cmTC_3ffec.dir/build.make CMakeFiles/cmTC_3ffec.dir/build
make[1]: Entering directory '/mnt/nfs-working/dvcf/prefetch-cache-initiator/initiator-cpp/build/CMakeFiles/CMakeTmp'
Building C object CMakeFiles/cmTC_3ffec.dir/src.c.o
/usr/bin/cc -DCMAKE_HAVE_LIBC_PTHREAD   -o CMakeFiles/cmTC_3ffec.dir/src.c.o -c /mnt/nfs-working/dvcf/prefetch-cache-initiator/initiator-cpp/build/CMakeFiles/CMakeTmp/src.c
Linking C executable cmTC_3ffec
/home/daegyu/.local/bin/cmake -E cmake_link_script CMakeFiles/cmTC_3ffec.dir/link.txt --verbose=1
/usr/bin/cc CMakeFiles/cmTC_3ffec.dir/src.c.o -o cmTC_3ffec 
CMakeFiles/cmTC_3ffec.dir/src.c.o: In function `main':
src.c:(.text+0x3e): undefined reference to `pthread_create'
src.c:(.text+0x4a): undefined reference to `pthread_detach'
src.c:(.text+0x56): undefined reference to `pthread_cancel'
src.c:(.text+0x67): undefined reference to `pthread_join'
src.c:(.text+0x7b): undefined reference to `pthread_atfork'
collect2: error: ld returned 1 exit status
CMakeFiles/cmTC_3ffec.dir/build.make:98: recipe for target 'cmTC_3ffec' failed
make[1]: *** [cmTC_3ffec] Error 1
make[1]: Leaving directory '/mnt/nfs-working/dvcf/prefetch-cache-initiator/initiator-cpp/build/CMakeFiles/CMakeTmp'
Makefile:127: recipe for target 'cmTC_3ffec/fast' failed
make: *** [cmTC_3ffec/fast] Error 2


Source file was:
#include <pthread.h>

static void* test_func(void* data)
{
  return data;
}

int main(void)
{
  pthread_t thread;
  pthread_create(&thread, NULL, test_func, NULL);
  pthread_detach(thread);
  pthread_cancel(thread);
  pthread_join(thread, NULL);
  pthread_atfork(NULL, NULL, NULL);
  pthread_exit(NULL);

  return 0;
}

Determining if the function pthread_create exists in the pthreads failed with the following output:
Change Dir: /mnt/nfs-working/dvcf/prefetch-cache-initiator/initiator-cpp/build/CMakeFiles/CMakeTmp

Run Build Command(s):/usr/bin/make -f Makefile cmTC_c0147/fast && /usr/bin/make  -f CMakeFiles/cmTC_c0147.dir/build.make CMakeFiles/cmTC_c0147.dir/build
make[1]: Entering directory '/mnt/nfs-working/dvcf/prefetch-cache-initiator/initiator-cpp/build/CMakeFiles/CMakeTmp'
Building C object CMakeFiles/cmTC_c0147.dir/CheckFunctionExists.c.o
/usr/bin/cc   -DCHECK_FUNCTION_EXISTS=pthread_create -o CMakeFiles/cmTC_c0147.dir/CheckFunctionExists.c.o -c /home/daegyu/.local/share/cmake-3.20/Modules/CheckFunctionExists.c
Linking C executable cmTC_c0147
/home/daegyu/.local/bin/cmake -E cmake_link_script CMakeFiles/cmTC_c0147.dir/link.txt --verbose=1
/usr/bin/cc  -DCHECK_FUNCTION_EXISTS=pthread_create CMakeFiles/cmTC_c0147.dir/CheckFunctionExists.c.o -o cmTC_c0147  -lpthreads 
/usr/bin/ld: cannot find -lpthreads
collect2: error: ld returned 1 exit status
CMakeFiles/cmTC_c0147.dir/build.make:98: recipe for target 'cmTC_c0147' failed
make[1]: *** [cmTC_c0147] Error 1
make[1]: Leaving directory '/mnt/nfs-working/dvcf/prefetch-cache-initiator/initiator-cpp/build/CMakeFiles/CMakeTmp'
Makefile:127: recipe for target 'cmTC_c0147/fast' failed
make: *** [cmTC_c0147/fast] Error 2



Performing C SOURCE FILE Test CMAKE_HAVE_LIBC_PTHREAD failed with the following output:
Change Dir: /mnt/nfs-working/dvcf/prefetch-cache-initiator/initiator-cpp/build/CMakeFiles/CMakeTmp

Run Build Command(s):/usr/bin/make -f Makefile cmTC_b2352/fast && /usr/bin/make  -f CMakeFiles/cmTC_b2352.dir/build.make CMakeFiles/cmTC_b2352.dir/build
make[1]: Entering directory '/mnt/nfs-working/dvcf/prefetch-cache-initiator/initiator-cpp/build/CMakeFiles/CMakeTmp'
Building C object CMakeFiles/cmTC_b2352.dir/src.c.o
/usr/bin/cc -DCMAKE_HAVE_LIBC_PTHREAD   -o CMakeFiles/cmTC_b2352.dir/src.c.o -c /mnt/nfs-working/dvcf/prefetch-cache-initiator/initiator-cpp/build/CMakeFiles/CMakeTmp/src.c
Linking C executable cmTC_b2352
/home/daegyu/.local/bin/cmake -E cmake_link_script CMakeFiles/cmTC_b2352.dir/link.txt --verbose=1
/usr/bin/cc CMakeFiles/cmTC_b2352.dir/src.c.o -o cmTC_b2352 
CMakeFiles/cmTC_b2352.dir/src.c.o: In function `main':
src.c:(.text+0x3e): undefined reference to `pthread_create'
src.c:(.text+0x4a): undefined reference to `pthread_detach'
src.c:(.text+0x56): undefined reference to `pthread_cancel'
src.c:(.text+0x67): undefined reference to `pthread_join'
src.c:(.text+0x7b): undefined reference to `pthread_atfork'
collect2: error: ld returned 1 exit status
CMakeFiles/cmTC_b2352.dir/build.make:98: recipe for target 'cmTC_b2352' failed
make[1]: *** [cmTC_b2352] Error 1
make[1]: Leaving directory '/mnt/nfs-working/dvcf/prefetch-cache-initiator/initiator-cpp/build/CMakeFiles/CMakeTmp'
Makefile:127: recipe for target 'cmTC_b2352/fast' failed
make: *** [cmTC_b2352/fast] Error 2


Source file was:
#include <pthread.h>

static void* test_func(void* data)
{
  return data;
}

int main(void)
{
  pthread_t thread;
  pthread_create(&thread, NULL, test_func, NULL);
  pthread_detach(thread);
  pthread_cancel(thread);
  pthread_join(thread, NULL);
  pthread_atfork(NULL, NULL, NULL);
  pthread_exit(NULL);

  return 0;
}

Determining if the function pthread_create exists in the pthreads failed with the following output:
Change Dir: /mnt/nfs-working/dvcf/prefetch-cache-initiator/initiator-cpp/build/CMakeFiles/CMakeTmp

Run Build Command(s):/usr/bin/make -f Makefile cmTC_e3407/fast && /usr/bin/make  -f CMakeFiles/cmTC_e3407.dir/build.make CMakeFiles/cmTC_e3407.dir/build
make[1]: Entering directory '/mnt/nfs-working/dvcf/prefetch-cache-initiator/initiator-cpp/build/CMakeFiles/CMakeTmp'
Building C object CMakeFiles/cmTC_e3407.dir/CheckFunctionExists.c.o
/usr/bin/cc   -DCHECK_FUNCTION_EXISTS=pthread_create -o CMakeFiles/cmTC_e3407.dir/CheckFunctionExists.c.o -c /home/daegyu/.local/share/cmake-3.20/Modules/CheckFunctionExists.c
Linking C executable cmTC_e3407
/home/daegyu/.local/bin/cmake -E cmake_link_script CMakeFiles/cmTC_e3407.dir/link.txt --verbose=1
/usr/bin/cc  -DCHECK_FUNCTION_EXISTS=pthread_create CMakeFiles/cmTC_e3407.dir/CheckFunctionExists.c.o -o cmTC_e3407  -lpthreads 
/usr/bin/ld: cannot find -lpthreads
collect2: error: ld returned 1 exit status
CMakeFiles/cmTC_e3407.dir/build.make:98: recipe for target 'cmTC_e3407' failed
make[1]: *** [cmTC_e3407] Error 1
make[1]: Leaving directory '/mnt/nfs-working/dvcf/prefetch-cache-initiator/initiator-cpp/build/CMakeFiles/CMakeTmp'
Makefile:127: recipe for target 'cmTC_e3407/fast' failed
make: *** [cmTC_e3407/fast] Error 2



Performing C SOURCE FILE Test CMAKE_HAVE_LIBC_PTHREAD failed with the following output:
Change Dir: /mnt/nfs-working/dvcf/prefetch-cache-initiator/initiator-cpp/build/CMakeFiles/CMakeTmp

Run Build Command(s):/usr/bin/make -f Makefile cmTC_bf6f2/fast && /usr/bin/make  -f CMakeFiles/cmTC_bf6f2.dir/build.make CMakeFiles/cmTC_bf6f2.dir/build
make[1]: Entering directory '/mnt/nfs-working/dvcf/prefetch-cache-initiator/initiator-cpp/build/CMakeFiles/CMakeTmp'
Building C object CMakeFiles/cmTC_bf6f2.dir/src.c.o
/usr/bin/cc -DCMAKE_HAVE_LIBC_PTHREAD   -o CMakeFiles/cmTC_bf6f2.dir/src.c.o -c /mnt/nfs-working/dvcf/prefetch-cache-initiator/initiator-cpp/build/CMakeFiles/CMakeTmp/src.c
Linking C executable cmTC_bf6f2
/home/daegyu/.local/bin/cmake -E cmake_link_script CMakeFiles/cmTC_bf6f2.dir/link.txt --verbose=1
/usr/bin/cc CMakeFiles/cmTC_bf6f2.dir/src.c.o -o cmTC_bf6f2 
CMakeFiles/cmTC_bf6f2.dir/src.c.o: In function `main':
src.c:(.text+0x3e): undefined reference to `pthread_create'
src.c:(.text+0x4a): undefined reference to `pthread_detach'
src.c:(.text+0x56): undefined reference to `pthread_cancel'
src.c:(.text+0x67): undefined reference to `pthread_join'
src.c:(.text+0x7b): undefined reference to `pthread_atfork'
collect2: error: ld returned 1 exit status
CMakeFiles/cmTC_bf6f2.dir/build.make:98: recipe for target 'cmTC_bf6f2' failed
make[1]: *** [cmTC_bf6f2] Error 1
make[1]: Leaving directory '/mnt/nfs-working/dvcf/prefetch-cache-initiator/initiator-cpp/build/CMakeFiles/CMakeTmp'
Makefile:127: recipe for target 'cmTC_bf6f2/fast' failed
make: *** [cmTC_bf6f2/fast] Error 2


Source file was:
#include <pthread.h>

static void* test_func(void* data)
{
  return data;
}

int main(void)
{
  pthread_t thread;
  pthread_create(&thread, NULL, test_func, NULL);
  pthread_detach(thread);
  pthread_cancel(thread);
  pthread_join(thread, NULL);
  pthread_atfork(NULL, NULL, NULL);
  pthread_exit(NULL);

  return 0;
}

Determining if the function pthread_create exists in the pthreads failed with the following output:
Change Dir: /mnt/nfs-working/dvcf/prefetch-cache-initiator/initiator-cpp/build/CMakeFiles/CMakeTmp

Run Build Command(s):/usr/bin/make -f Makefile cmTC_22d7b/fast && /usr/bin/make  -f CMakeFiles/cmTC_22d7b.dir/build.make CMakeFiles/cmTC_22d7b.dir/build
make[1]: Entering directory '/mnt/nfs-working/dvcf/prefetch-cache-initiator/initiator-cpp/build/CMakeFiles/CMakeTmp'
Building C object CMakeFiles/cmTC_22d7b.dir/CheckFunctionExists.c.o
/usr/bin/cc   -DCHECK_FUNCTION_EXISTS=pthread_create -o CMakeFiles/cmTC_22d7b.dir/CheckFunctionExists.c.o -c /home/daegyu/.local/share/cmake-3.20/Modules/CheckFunctionExists.c
Linking C executable cmTC_22d7b
/home/daegyu/.local/bin/cmake -E cmake_link_script CMakeFiles/cmTC_22d7b.dir/link.txt --verbose=1
/usr/bin/cc  -DCHECK_FUNCTION_EXISTS=pthread_create CMakeFiles/cmTC_22d7b.dir/CheckFunctionExists.c.o -o cmTC_22d7b  -lpthreads 
/usr/bin/ld: cannot find -lpthreads
collect2: error: ld returned 1 exit status
CMakeFiles/cmTC_22d7b.dir/build.make:98: recipe for target 'cmTC_22d7b' failed
make[1]: *** [cmTC_22d7b] Error 1
make[1]: Leaving directory '/mnt/nfs-working/dvcf/prefetch-cache-initiator/initiator-cpp/build/CMakeFiles/CMakeTmp'
Makefile:127: recipe for target 'cmTC_22d7b/fast' failed
make: *** [cmTC_22d7b/fast] Error 2



Performing C SOURCE FILE Test CMAKE_HAVE_LIBC_PTHREAD failed with the following output:
Change Dir: /mnt/nfs-working/dvcf/prefetch-cache-initiator/initiator-cpp/build/CMakeFiles/CMakeTmp

Run Build Command(s):/usr/bin/make -f Makefile cmTC_94e1c/fast && /usr/bin/make  -f CMakeFiles/cmTC_94e1c.dir/build.make CMakeFiles/cmTC_94e1c.dir/build
make[1]: Entering directory '/mnt/nfs-working/dvcf/prefetch-cache-initiator/initiator-cpp/build/CMakeFiles/CMakeTmp'
Building C object CMakeFiles/cmTC_94e1c.dir/src.c.o
/usr/bin/cc -DCMAKE_HAVE_LIBC_PTHREAD   -o CMakeFiles/cmTC_94e1c.dir/src.c.o -c /mnt/nfs-working/dvcf/prefetch-cache-initiator/initiator-cpp/build/CMakeFiles/CMakeTmp/src.c
Linking C executable cmTC_94e1c
/home/daegyu/.local/bin/cmake -E cmake_link_script CMakeFiles/cmTC_94e1c.dir/link.txt --verbose=1
/usr/bin/cc CMakeFiles/cmTC_94e1c.dir/src.c.o -o cmTC_94e1c 
CMakeFiles/cmTC_94e1c.dir/src.c.o: In function `main':
src.c:(.text+0x3e): undefined reference to `pthread_create'
src.c:(.text+0x4a): undefined reference to `pthread_detach'
src.c:(.text+0x56): undefined reference to `pthread_cancel'
src.c:(.text+0x67): undefined reference to `pthread_join'
src.c:(.text+0x7b): undefined reference to `pthread_atfork'
collect2: error: ld returned 1 exit status
CMakeFiles/cmTC_94e1c.dir/build.make:98: recipe for target 'cmTC_94e1c' failed
make[1]: *** [cmTC_94e1c] Error 1
make[1]: Leaving directory '/mnt/nfs-working/dvcf/prefetch-cache-initiator/initiator-cpp/build/CMakeFiles/CMakeTmp'
Makefile:127: recipe for target 'cmTC_94e1c/fast' failed
make: *** [cmTC_94e1c/fast] Error 2


Source file was:
#include <pthread.h>

static void* test_func(void* data)
{
  return data;
}

int main(void)
{
  pthread_t thread;
  pthread_create(&thread, NULL, test_func, NULL);
  pthread_detach(thread);
  pthread_cancel(thread);
  pthread_join(thread, NULL);
  pthread_atfork(NULL, NULL, NULL);
  pthread_exit(NULL);

  return 0;
}

Determining if the function pthread_create exists in the pthreads failed with the following output:
Change Dir: /mnt/nfs-working/dvcf/prefetch-cache-initiator/initiator-cpp/build/CMakeFiles/CMakeTmp

Run Build Command(s):/usr/bin/make -f Makefile cmTC_0fa9a/fast && /usr/bin/make  -f CMakeFiles/cmTC_0fa9a.dir/build.make CMakeFiles/cmTC_0fa9a.dir/build
make[1]: Entering directory '/mnt/nfs-working/dvcf/prefetch-cache-initiator/initiator-cpp/build/CMakeFiles/CMakeTmp'
Building C object CMakeFiles/cmTC_0fa9a.dir/CheckFunctionExists.c.o
/usr/bin/cc   -DCHECK_FUNCTION_EXISTS=pthread_create -o CMakeFiles/cmTC_0fa9a.dir/CheckFunctionExists.c.o -c /home/daegyu/.local/share/cmake-3.20/Modules/CheckFunctionExists.c
Linking C executable cmTC_0fa9a
/home/daegyu/.local/bin/cmake -E cmake_link_script CMakeFiles/cmTC_0fa9a.dir/link.txt --verbose=1
/usr/bin/cc  -DCHECK_FUNCTION_EXISTS=pthread_create CMakeFiles/cmTC_0fa9a.dir/CheckFunctionExists.c.o -o cmTC_0fa9a  -lpthreads 
/usr/bin/ld: cannot find -lpthreads
collect2: error: ld returned 1 exit status
CMakeFiles/cmTC_0fa9a.dir/build.make:98: recipe for target 'cmTC_0fa9a' failed
make[1]: *** [cmTC_0fa9a] Error 1
make[1]: Leaving directory '/mnt/nfs-working/dvcf/prefetch-cache-initiator/initiator-cpp/build/CMakeFiles/CMakeTmp'
Makefile:127: recipe for target 'cmTC_0fa9a/fast' failed
make: *** [cmTC_0fa9a/fast] Error 2



Performing C SOURCE FILE Test CMAKE_HAVE_LIBC_PTHREAD failed with the following output:
Change Dir: /mnt/nfs-working/dvcf/prefetch-cache-initiator/initiator-cpp/build/CMakeFiles/CMakeTmp

Run Build Command(s):/usr/bin/make -f Makefile cmTC_36bf1/fast && /usr/bin/make  -f CMakeFiles/cmTC_36bf1.dir/build.make CMakeFiles/cmTC_36bf1.dir/build
make[1]: Entering directory '/mnt/nfs-working/dvcf/prefetch-cache-initiator/initiator-cpp/build/CMakeFiles/CMakeTmp'
Building C object CMakeFiles/cmTC_36bf1.dir/src.c.o
/usr/bin/cc -DCMAKE_HAVE_LIBC_PTHREAD   -o CMakeFiles/cmTC_36bf1.dir/src.c.o -c /mnt/nfs-working/dvcf/prefetch-cache-initiator/initiator-cpp/build/CMakeFiles/CMakeTmp/src.c
Linking C executable cmTC_36bf1
/home/daegyu/.local/bin/cmake -E cmake_link_script CMakeFiles/cmTC_36bf1.dir/link.txt --verbose=1
/usr/bin/cc CMakeFiles/cmTC_36bf1.dir/src.c.o -o cmTC_36bf1 
CMakeFiles/cmTC_36bf1.dir/src.c.o: In function `main':
src.c:(.text+0x3e): undefined reference to `pthread_create'
src.c:(.text+0x4a): undefined reference to `pthread_detach'
src.c:(.text+0x56): undefined reference to `pthread_cancel'
src.c:(.text+0x67): undefined reference to `pthread_join'
src.c:(.text+0x7b): undefined reference to `pthread_atfork'
collect2: error: ld returned 1 exit status
CMakeFiles/cmTC_36bf1.dir/build.make:98: recipe for target 'cmTC_36bf1' failed
make[1]: *** [cmTC_36bf1] Error 1
make[1]: Leaving directory '/mnt/nfs-working/dvcf/prefetch-cache-initiator/initiator-cpp/build/CMakeFiles/CMakeTmp'
Makefile:127: recipe for target 'cmTC_36bf1/fast' failed
make: *** [cmTC_36bf1/fast] Error 2


Source file was:
#include <pthread.h>

static void* test_func(void* data)
{
  return data;
}

int main(void)
{
  pthread_t thread;
  pthread_create(&thread, NULL, test_func, NULL);
  pthread_detach(thread);
  pthread_cancel(thread);
  pthread_join(thread, NULL);
  pthread_atfork(NULL, NULL, NULL);
  pthread_exit(NULL);

  return 0;
}

Determining if the function pthread_create exists in the pthreads failed with the following output:
Change Dir: /mnt/nfs-working/dvcf/prefetch-cache-initiator/initiator-cpp/build/CMakeFiles/CMakeTmp

Run Build Command(s):/usr/bin/make -f Makefile cmTC_06316/fast && /usr/bin/make  -f CMakeFiles/cmTC_06316.dir/build.make CMakeFiles/cmTC_06316.dir/build
make[1]: Entering directory '/mnt/nfs-working/dvcf/prefetch-cache-initiator/initiator-cpp/build/CMakeFiles/CMakeTmp'
Building C object CMakeFiles/cmTC_06316.dir/CheckFunctionExists.c.o
/usr/bin/cc   -DCHECK_FUNCTION_EXISTS=pthread_create -o CMakeFiles/cmTC_06316.dir/CheckFunctionExists.c.o -c /home/daegyu/.local/share/cmake-3.20/Modules/CheckFunctionExists.c
Linking C executable cmTC_06316
/home/daegyu/.local/bin/cmake -E cmake_link_script CMakeFiles/cmTC_06316.dir/link.txt --verbose=1
/usr/bin/cc  -DCHECK_FUNCTION_EXISTS=pthread_create CMakeFiles/cmTC_06316.dir/CheckFunctionExists.c.o -o cmTC_06316  -lpthreads 
/usr/bin/ld: cannot find -lpthreads
collect2: error: ld returned 1 exit status
CMakeFiles/cmTC_06316.dir/build.make:98: recipe for target 'cmTC_06316' failed
make[1]: *** [cmTC_06316] Error 1
make[1]: Leaving directory '/mnt/nfs-working/dvcf/prefetch-cache-initiator/initiator-cpp/build/CMakeFiles/CMakeTmp'
Makefile:127: recipe for target 'cmTC_06316/fast' failed
make: *** [cmTC_06316/fast] Error 2



Performing C SOURCE FILE Test CMAKE_HAVE_LIBC_PTHREAD failed with the following output:
Change Dir: /mnt/nfs-working/dvcf/prefetch-cache-initiator/initiator-cpp/build/CMakeFiles/CMakeTmp

Run Build Command(s):/usr/bin/make -f Makefile cmTC_24944/fast && /usr/bin/make  -f CMakeFiles/cmTC_24944.dir/build.make CMakeFiles/cmTC_24944.dir/build
make[1]: Entering directory '/mnt/nfs-working/dvcf/prefetch-cache-initiator/initiator-cpp/build/CMakeFiles/CMakeTmp'
Building C object CMakeFiles/cmTC_24944.dir/src.c.o
/usr/bin/cc -DCMAKE_HAVE_LIBC_PTHREAD   -o CMakeFiles/cmTC_24944.dir/src.c.o -c /mnt/nfs-working/dvcf/prefetch-cache-initiator/initiator-cpp/build/CMakeFiles/CMakeTmp/src.c
Linking C executable cmTC_24944
/home/daegyu/.local/bin/cmake -E cmake_link_script CMakeFiles/cmTC_24944.dir/link.txt --verbose=1
/usr/bin/cc CMakeFiles/cmTC_24944.dir/src.c.o -o cmTC_24944 
CMakeFiles/cmTC_24944.dir/src.c.o: In function `main':
src.c:(.text+0x3e): undefined reference to `pthread_create'
src.c:(.text+0x4a): undefined reference to `pthread_detach'
src.c:(.text+0x56): undefined reference to `pthread_cancel'
src.c:(.text+0x67): undefined reference to `pthread_join'
src.c:(.text+0x7b): undefined reference to `pthread_atfork'
collect2: error: ld returned 1 exit status
CMakeFiles/cmTC_24944.dir/build.make:98: recipe for target 'cmTC_24944' failed
make[1]: *** [cmTC_24944] Error 1
make[1]: Leaving directory '/mnt/nfs-working/dvcf/prefetch-cache-initiator/initiator-cpp/build/CMakeFiles/CMakeTmp'
Makefile:127: recipe for target 'cmTC_24944/fast' failed
make: *** [cmTC_24944/fast] Error 2


Source file was:
#include <pthread.h>

static void* test_func(void* data)
{
  return data;
}

int main(void)
{
  pthread_t thread;
  pthread_create(&thread, NULL, test_func, NULL);
  pthread_detach(thread);
  pthread_cancel(thread);
  pthread_join(thread, NULL);
  pthread_atfork(NULL, NULL, NULL);
  pthread_exit(NULL);

  return 0;
}

Determining if the function pthread_create exists in the pthreads failed with the following output:
Change Dir: /mnt/nfs-working/dvcf/prefetch-cache-initiator/initiator-cpp/build/CMakeFiles/CMakeTmp

Run Build Command(s):/usr/bin/make -f Makefile cmTC_9a75f/fast && /usr/bin/make  -f CMakeFiles/cmTC_9a75f.dir/build.make CMakeFiles/cmTC_9a75f.dir/build
make[1]: Entering directory '/mnt/nfs-working/dvcf/prefetch-cache-initiator/initiator-cpp/build/CMakeFiles/CMakeTmp'
Building C object CMakeFiles/cmTC_9a75f.dir/CheckFunctionExists.c.o
/usr/bin/cc   -DCHECK_FUNCTION_EXISTS=pthread_create -o CMakeFiles/cmTC_9a75f.dir/CheckFunctionExists.c.o -c /home/daegyu/.local/share/cmake-3.20/Modules/CheckFunctionExists.c
Linking C executable cmTC_9a75f
/home/daegyu/.local/bin/cmake -E cmake_link_script CMakeFiles/cmTC_9a75f.dir/link.txt --verbose=1
/usr/bin/cc  -DCHECK_FUNCTION_EXISTS=pthread_create CMakeFiles/cmTC_9a75f.dir/CheckFunctionExists.c.o -o cmTC_9a75f  -lpthreads 
/usr/bin/ld: cannot find -lpthreads
collect2: error: ld returned 1 exit status
CMakeFiles/cmTC_9a75f.dir/build.make:98: recipe for target 'cmTC_9a75f' failed
make[1]: *** [cmTC_9a75f] Error 1
make[1]: Leaving directory '/mnt/nfs-working/dvcf/prefetch-cache-initiator/initiator-cpp/build/CMakeFiles/CMakeTmp'
Makefile:127: recipe for target 'cmTC_9a75f/fast' failed
make: *** [cmTC_9a75f/fast] Error 2



Performing C SOURCE FILE Test CMAKE_HAVE_LIBC_PTHREAD failed with the following output:
Change Dir: /mnt/nfs-working/dvcf/prefetch-cache-initiator/initiator-cpp/build/CMakeFiles/CMakeTmp

Run Build Command(s):/usr/bin/make -f Makefile cmTC_607a3/fast && /usr/bin/make  -f CMakeFiles/cmTC_607a3.dir/build.make CMakeFiles/cmTC_607a3.dir/build
make[1]: Entering directory '/mnt/nfs-working/dvcf/prefetch-cache-initiator/initiator-cpp/build/CMakeFiles/CMakeTmp'
Building C object CMakeFiles/cmTC_607a3.dir/src.c.o
/usr/bin/cc -DCMAKE_HAVE_LIBC_PTHREAD   -o CMakeFiles/cmTC_607a3.dir/src.c.o -c /mnt/nfs-working/dvcf/prefetch-cache-initiator/initiator-cpp/build/CMakeFiles/CMakeTmp/src.c
Linking C executable cmTC_607a3
/home/daegyu/.local/bin/cmake -E cmake_link_script CMakeFiles/cmTC_607a3.dir/link.txt --verbose=1
/usr/bin/cc CMakeFiles/cmTC_607a3.dir/src.c.o -o cmTC_607a3 
CMakeFiles/cmTC_607a3.dir/src.c.o: In function `main':
src.c:(.text+0x3e): undefined reference to `pthread_create'
src.c:(.text+0x4a): undefined reference to `pthread_detach'
src.c:(.text+0x56): undefined reference to `pthread_cancel'
src.c:(.text+0x67): undefined reference to `pthread_join'
src.c:(.text+0x7b): undefined reference to `pthread_atfork'
collect2: error: ld returned 1 exit status
CMakeFiles/cmTC_607a3.dir/build.make:98: recipe for target 'cmTC_607a3' failed
make[1]: *** [cmTC_607a3] Error 1
make[1]: Leaving directory '/mnt/nfs-working/dvcf/prefetch-cache-initiator/initiator-cpp/build/CMakeFiles/CMakeTmp'
Makefile:127: recipe for target 'cmTC_607a3/fast' failed
make: *** [cmTC_607a3/fast] Error 2


Source file was:
#include <pthread.h>

static void* test_func(void* data)
{
  return data;
}

int main(void)
{
  pthread_t thread;
  pthread_create(&thread, NULL, test_func, NULL);
  pthread_detach(thread);
  pthread_cancel(thread);
  pthread_join(thread, NULL);
  pthread_atfork(NULL, NULL, NULL);
  pthread_exit(NULL);

  return 0;
}

Determining if the function pthread_create exists in the pthreads failed with the following output:
Change Dir: /mnt/nfs-working/dvcf/prefetch-cache-initiator/initiator-cpp/build/CMakeFiles/CMakeTmp

Run Build Command(s):/usr/bin/make -f Makefile cmTC_cf400/fast && /usr/bin/make  -f CMakeFiles/cmTC_cf400.dir/build.make CMakeFiles/cmTC_cf400.dir/build
make[1]: Entering directory '/mnt/nfs-working/dvcf/prefetch-cache-initiator/initiator-cpp/build/CMakeFiles/CMakeTmp'
Building C object CMakeFiles/cmTC_cf400.dir/CheckFunctionExists.c.o
/usr/bin/cc   -DCHECK_FUNCTION_EXISTS=pthread_create -o CMakeFiles/cmTC_cf400.dir/CheckFunctionExists.c.o -c /home/daegyu/.local/share/cmake-3.20/Modules/CheckFunctionExists.c
Linking C executable cmTC_cf400
/home/daegyu/.local/bin/cmake -E cmake_link_script CMakeFiles/cmTC_cf400.dir/link.txt --verbose=1
/usr/bin/cc  -DCHECK_FUNCTION_EXISTS=pthread_create CMakeFiles/cmTC_cf400.dir/CheckFunctionExists.c.o -o cmTC_cf400  -lpthreads 
/usr/bin/ld: cannot find -lpthreads
collect2: error: ld returned 1 exit status
CMakeFiles/cmTC_cf400.dir/build.make:98: recipe for target 'cmTC_cf400' failed
make[1]: *** [cmTC_cf400] Error 1
make[1]: Leaving directory '/mnt/nfs-working/dvcf/prefetch-cache-initiator/initiator-cpp/build/CMakeFiles/CMakeTmp'
Makefile:127: recipe for target 'cmTC_cf400/fast' failed
make: *** [cmTC_cf400/fast] Error 2



Performing C SOURCE FILE Test CMAKE_HAVE_LIBC_PTHREAD failed with the following output:
Change Dir: /home/daegyu/prefetch-cache/ebpf-tracer/initiator-cpp/build/CMakeFiles/CMakeTmp

Run Build Command(s):/usr/bin/make -f Makefile cmTC_27d4b/fast && /usr/bin/make  -f CMakeFiles/cmTC_27d4b.dir/build.make CMakeFiles/cmTC_27d4b.dir/build
make[1]: Entering directory '/home/daegyu/prefetch-cache/ebpf-tracer/initiator-cpp/build/CMakeFiles/CMakeTmp'
Building C object CMakeFiles/cmTC_27d4b.dir/src.c.o
/usr/bin/cc -DCMAKE_HAVE_LIBC_PTHREAD   -o CMakeFiles/cmTC_27d4b.dir/src.c.o -c /home/daegyu/prefetch-cache/ebpf-tracer/initiator-cpp/build/CMakeFiles/CMakeTmp/src.c
Linking C executable cmTC_27d4b
/home/daegyu/.local/bin/cmake -E cmake_link_script CMakeFiles/cmTC_27d4b.dir/link.txt --verbose=1
/usr/bin/cc CMakeFiles/cmTC_27d4b.dir/src.c.o -o cmTC_27d4b 
CMakeFiles/cmTC_27d4b.dir/src.c.o: In function `main':
src.c:(.text+0x3e): undefined reference to `pthread_create'
src.c:(.text+0x4a): undefined reference to `pthread_detach'
src.c:(.text+0x56): undefined reference to `pthread_cancel'
src.c:(.text+0x67): undefined reference to `pthread_join'
src.c:(.text+0x7b): undefined reference to `pthread_atfork'
collect2: error: ld returned 1 exit status
CMakeFiles/cmTC_27d4b.dir/build.make:98: recipe for target 'cmTC_27d4b' failed
make[1]: *** [cmTC_27d4b] Error 1
make[1]: Leaving directory '/home/daegyu/prefetch-cache/ebpf-tracer/initiator-cpp/build/CMakeFiles/CMakeTmp'
Makefile:127: recipe for target 'cmTC_27d4b/fast' failed
make: *** [cmTC_27d4b/fast] Error 2


Source file was:
#include <pthread.h>

static void* test_func(void* data)
{
  return data;
}

int main(void)
{
  pthread_t thread;
  pthread_create(&thread, NULL, test_func, NULL);
  pthread_detach(thread);
  pthread_cancel(thread);
  pthread_join(thread, NULL);
  pthread_atfork(NULL, NULL, NULL);
  pthread_exit(NULL);

  return 0;
}

Determining if the function pthread_create exists in the pthreads failed with the following output:
Change Dir: /home/daegyu/prefetch-cache/ebpf-tracer/initiator-cpp/build/CMakeFiles/CMakeTmp

Run Build Command(s):/usr/bin/make -f Makefile cmTC_b1730/fast && /usr/bin/make  -f CMakeFiles/cmTC_b1730.dir/build.make CMakeFiles/cmTC_b1730.dir/build
make[1]: Entering directory '/home/daegyu/prefetch-cache/ebpf-tracer/initiator-cpp/build/CMakeFiles/CMakeTmp'
Building C object CMakeFiles/cmTC_b1730.dir/CheckFunctionExists.c.o
/usr/bin/cc   -DCHECK_FUNCTION_EXISTS=pthread_create -o CMakeFiles/cmTC_b1730.dir/CheckFunctionExists.c.o -c /home/daegyu/.local/share/cmake-3.20/Modules/CheckFunctionExists.c
Linking C executable cmTC_b1730
/home/daegyu/.local/bin/cmake -E cmake_link_script CMakeFiles/cmTC_b1730.dir/link.txt --verbose=1
/usr/bin/cc  -DCHECK_FUNCTION_EXISTS=pthread_create CMakeFiles/cmTC_b1730.dir/CheckFunctionExists.c.o -o cmTC_b1730  -lpthreads 
/usr/bin/ld: cannot find -lpthreads
collect2: error: ld returned 1 exit status
CMakeFiles/cmTC_b1730.dir/build.make:98: recipe for target 'cmTC_b1730' failed
make[1]: *** [cmTC_b1730] Error 1
make[1]: Leaving directory '/home/daegyu/prefetch-cache/ebpf-tracer/initiator-cpp/build/CMakeFiles/CMakeTmp'
Makefile:127: recipe for target 'cmTC_b1730/fast' failed
make: *** [cmTC_b1730/fast] Error 2



